Component: ARM Compiler 5.06 update 7 (build 960) Tool: armlink [4d3601]

==============================================================================

Section Cross References

    startup_stm32f407xx.o(STACK) refers (Special) to heapauxi.o(.text) for __use_two_region_memory
    startup_stm32f407xx.o(HEAP) refers (Special) to heapauxi.o(.text) for __use_two_region_memory
    startup_stm32f407xx.o(RESET) refers (Special) to heapauxi.o(.text) for __use_two_region_memory
    startup_stm32f407xx.o(RESET) refers to startup_stm32f407xx.o(STACK) for __initial_sp
    startup_stm32f407xx.o(RESET) refers to startup_stm32f407xx.o(.text) for Reset_Handler
    startup_stm32f407xx.o(RESET) refers to stm32f4xx_it.o(i.NMI_Handler) for NMI_Handler
    startup_stm32f407xx.o(RESET) refers to stm32f4xx_it.o(i.HardFault_Handler) for HardFault_Handler
    startup_stm32f407xx.o(RESET) refers to stm32f4xx_it.o(i.MemManage_Handler) for MemManage_Handler
    startup_stm32f407xx.o(RESET) refers to stm32f4xx_it.o(i.BusFault_Handler) for BusFault_Handler
    startup_stm32f407xx.o(RESET) refers to stm32f4xx_it.o(i.UsageFault_Handler) for UsageFault_Handler
    startup_stm32f407xx.o(RESET) refers to port.o(.emb_text) for SVC_Handler
    startup_stm32f407xx.o(RESET) refers to stm32f4xx_it.o(i.DebugMon_Handler) for DebugMon_Handler
    startup_stm32f407xx.o(RESET) refers to cmsis_os2.o(i.SysTick_Handler) for SysTick_Handler
    startup_stm32f407xx.o(RESET) refers to stm32f4xx_it.o(i.CAN1_RX0_IRQHandler) for CAN1_RX0_IRQHandler
    startup_stm32f407xx.o(RESET) refers to stm32f4xx_it.o(i.TIM1_UP_TIM10_IRQHandler) for TIM1_UP_TIM10_IRQHandler
    startup_stm32f407xx.o(.text) refers (Special) to heapauxi.o(.text) for __use_two_region_memory
    startup_stm32f407xx.o(.text) refers to system_stm32f4xx.o(i.SystemInit) for SystemInit
    startup_stm32f407xx.o(.text) refers to __main.o(!!!main) for __main
    startup_stm32f407xx.o(.text) refers to startup_stm32f407xx.o(HEAP) for Heap_Mem
    startup_stm32f407xx.o(.text) refers to startup_stm32f407xx.o(STACK) for Stack_Mem
    main.o(i.HAL_TIM_PeriodElapsedCallback) refers to stm32f4xx_hal.o(i.HAL_IncTick) for HAL_IncTick
    main.o(i.SystemClock_Config) refers to rt_memclr_w.o(.text) for __aeabi_memclr4
    main.o(i.SystemClock_Config) refers to stm32f4xx_hal_rcc.o(i.HAL_RCC_OscConfig) for HAL_RCC_OscConfig
    main.o(i.SystemClock_Config) refers to stm32f4xx_hal_rcc.o(i.HAL_RCC_ClockConfig) for HAL_RCC_ClockConfig
    main.o(i.main) refers to stm32f4xx_hal.o(i.HAL_Init) for HAL_Init
    main.o(i.main) refers to main.o(i.SystemClock_Config) for SystemClock_Config
    main.o(i.main) refers to gpio.o(i.MX_GPIO_Init) for MX_GPIO_Init
    main.o(i.main) refers to can.o(i.MX_CAN1_Init) for MX_CAN1_Init
    main.o(i.main) refers to oled.o(i.OLED_Init) for OLED_Init
    main.o(i.main) refers to cmsis_os2.o(i.osKernelInitialize) for osKernelInitialize
    main.o(i.main) refers to freertos.o(i.MX_FREERTOS_Init) for MX_FREERTOS_Init
    main.o(i.main) refers to cmsis_os2.o(i.osKernelStart) for osKernelStart
    gpio.o(i.MX_GPIO_Init) refers to rt_memclr_w.o(.text) for __aeabi_memclr4
    gpio.o(i.MX_GPIO_Init) refers to stm32f4xx_hal_gpio.o(i.HAL_GPIO_WritePin) for HAL_GPIO_WritePin
    gpio.o(i.MX_GPIO_Init) refers to stm32f4xx_hal_gpio.o(i.HAL_GPIO_Init) for HAL_GPIO_Init
    freertos.o(i.MX_FREERTOS_Init) refers to cmsis_os2.o(i.osThreadNew) for osThreadNew
    freertos.o(i.MX_FREERTOS_Init) refers to freertos.o(.constdata) for .constdata
    freertos.o(i.MX_FREERTOS_Init) refers to freertos.o(i.StartDefaultTask) for StartDefaultTask
    freertos.o(i.MX_FREERTOS_Init) refers to freertos.o(.data) for .data
    freertos.o(i.MX_FREERTOS_Init) refers to freertos.o(i.UltrasonicRangeTaks) for UltrasonicRangeTaks
    freertos.o(i.MX_FREERTOS_Init) refers to freertos.o(i.MotorControlTask) for MotorControlTask
    freertos.o(i.MotorControlTask) refers to cmsis_os2.o(i.osDelay) for osDelay
    freertos.o(i.StartDefaultTask) refers to oled.o(i.OLED_ShowString) for OLED_ShowString
    freertos.o(i.StartDefaultTask) refers to oled.o(i.OLED_ShowNum) for OLED_ShowNum
    freertos.o(i.StartDefaultTask) refers to cmsis_os2.o(i.osDelay) for osDelay
    freertos.o(i.UltrasonicRangeTaks) refers to cmsis_os2.o(i.osDelay) for osDelay
    freertos.o(.constdata) refers to freertos.o(.conststring) for .conststring
    can.o(i.HAL_CAN_MspDeInit) refers to stm32f4xx_hal_gpio.o(i.HAL_GPIO_DeInit) for HAL_GPIO_DeInit
    can.o(i.HAL_CAN_MspDeInit) refers to stm32f4xx_hal_cortex.o(i.HAL_NVIC_DisableIRQ) for HAL_NVIC_DisableIRQ
    can.o(i.HAL_CAN_MspInit) refers to rt_memclr_w.o(.text) for __aeabi_memclr4
    can.o(i.HAL_CAN_MspInit) refers to stm32f4xx_hal_gpio.o(i.HAL_GPIO_Init) for HAL_GPIO_Init
    can.o(i.HAL_CAN_MspInit) refers to stm32f4xx_hal_cortex.o(i.HAL_NVIC_SetPriority) for HAL_NVIC_SetPriority
[...]
    i.HAL_CAN_Init                           0x08000830   Section        0  stm32f4xx_hal_can.o(i.HAL_CAN_Init)
    i.HAL_CAN_MspInit                        0x0800094c   Section        0  can.o(i.HAL_CAN_MspInit)
    i.HAL_CAN_RxFifo0FullCallback            0x080009c8   Section        0  stm32f4xx_hal_can.o(i.HAL_CAN_RxFifo0FullCallback)
    i.HAL_CAN_RxFifo0MsgPendingCallback      0x080009ca   Section        0  stm32f4xx_hal_can.o(i.HAL_CAN_RxFifo0MsgPendingCallback)
    i.HAL_CAN_RxFifo1FullCallback            0x080009cc   Section        0  stm32f4xx_hal_can.o(i.HAL_CAN_RxFifo1FullCallback)
    i.HAL_CAN_RxFifo1MsgPendingCallback      0x080009ce   Section        0  stm32f4xx_hal_can.o(i.HAL_CAN_RxFifo1MsgPendingCallback)
    i.HAL_CAN_SleepCallback                  0x080009d0   Section        0  stm32f4xx_hal_can.o(i.HAL_CAN_SleepCallback)
    i.HAL_CAN_TxMailbox0AbortCallback        0x080009d2   Section        0  stm32f4xx_hal_can.o(i.HAL_CAN_TxMailbox0AbortCallback)
    i.HAL_CAN_TxMailbox0CompleteCallback     0x080009d4   Section        0  stm32f4xx_hal_can.o(i.HAL_CAN_TxMailbox0CompleteCallback)
    i.HAL_CAN_TxMailbox1AbortCallback        0x080009d6   Section        0  stm32f4xx_hal_can.o(i.HAL_CAN_TxMailbox1AbortCallback)
    i.HAL_CAN_TxMailbox1CompleteCallback     0x080009d8   Section        0  stm32f4xx_hal_can.o(i.HAL_CAN_TxMailbox1CompleteCallback)
    i.HAL_CAN_TxMailbox2AbortCallback        0x080009da   Section        0  stm32f4xx_hal_can.o(i.HAL_CAN_TxMailbox2AbortCallback)
    i.HAL_CAN_TxMailbox2CompleteCallback     0x080009dc   Section        0  stm32f4xx_hal_can.o(i.HAL_CAN_TxMailbox2CompleteCallback)
    i.HAL_CAN_WakeUpFromRxMsgCallback        0x080009de   Section        0  stm32f4xx_hal_can.o(i.HAL_CAN_WakeUpFromRxMsgCallback)
    i.HAL_GPIO_Init                          0x080009e0   Section        0  stm32f4xx_hal_gpio.o(i.HAL_GPIO_Init)
    i.HAL_GPIO_WritePin                      0x08000bd0   Section        0  stm32f4xx_hal_gpio.o(i.HAL_GPIO_WritePin)
    i.HAL_GetTick                            0x08000bdc   Section        0  stm32f4xx_hal.o(i.HAL_GetTick)
    i.HAL_IncTick                            0x08000be8   Section        0  stm32f4xx_hal.o(i.HAL_IncTick)
    i.HAL_Init                               0x08000bf8   Section        0  stm32f4xx_hal.o(i.HAL_Init)
    i.HAL_InitTick                           0x08000c2c   Section        0  stm32f4xx_hal_timebase_tim.o(i.HAL_InitTick)
    i.HAL_MspInit                            0x08000cb8   Section        0  stm32f4xx_hal_msp.o(i.HAL_MspInit)
    i.HAL_NVIC_EnableIRQ                     0x08000cf0   Section        0  stm32f4xx_hal_cortex.o(i.HAL_NVIC_EnableIRQ)
    i.HAL_NVIC_SetPriority                   0x08000d0c   Section        0  stm32f4xx_hal_cortex.o(i.HAL_NVIC_SetPriority)
    i.HAL_NVIC_SetPriorityGrouping           0x08000d4c   Section        0  stm32f4xx_hal_cortex.o(i.HAL_NVIC_SetPriorityGrouping)
    i.HAL_RCC_ClockConfig                    0x08000d70   Section        0  stm32f4xx_hal_rcc.o(i.HAL_RCC_ClockConfig)
    i.HAL_RCC_GetClockConfig                 0x08000ea4   Section        0  stm32f4xx_hal_rcc.o(i.HAL_RCC_GetClockConfig)
    i.HAL_RCC_GetPCLK2Freq                   0x08000ee4   Section        0  stm32f4xx_hal_rcc.o(i.HAL_RCC_GetPCLK2Freq)
    i.HAL_RCC_GetSysClockFreq                0x08000f04   Section        0  stm32f4xx_hal_rcc.o(i.HAL_RCC_GetSysClockFreq)
    i.HAL_RCC_OscConfig                      0x08000f68   Section        0  stm32f4xx_hal_rcc.o(i.HAL_RCC_OscConfig)
    i.HAL_TIMEx_BreakCallback                0x080012d4   Section        0  stm32f4xx_hal_tim_ex.o(i.HAL_TIMEx_BreakCallback)
    i.HAL_TIMEx_CommutCallback               0x080012d6   Section        0  stm32f4xx_hal_tim_ex.o(i.HAL_TIMEx_CommutCallback)
    i.HAL_TIM_Base_Init                      0x080012d8   Section        0  stm32f4xx_hal_tim.o(i.HAL_TIM_Base_Init)
    i.HAL_TIM_Base_MspInit                   0x08001332   Section        0  stm32f4xx_hal_tim.o(i.HAL_TIM_Base_MspInit)
    i.HAL_TIM_Base_Start_IT                  0x08001334   Section        0  stm32f4xx_hal_tim.o(i.HAL_TIM_Base_Start_IT)
    i.HAL_TIM_IC_CaptureCallback             0x080013b4   Section        0  stm32f4xx_hal_tim.o(i.HAL_TIM_IC_CaptureCallback)
    i.HAL_TIM_IRQHandler                     0x080013b6   Section        0  stm32f4xx_hal_tim.o(i.HAL_TIM_IRQHandler)
    i.HAL_TIM_OC_DelayElapsedCallback        0x0800151c   Section        0  stm32f4xx_hal_tim.o(i.HAL_TIM_OC_DelayElapsedCallback)
    i.HAL_TIM_PWM_PulseFinishedCallback      0x0800151e   Section        0  stm32f4xx_hal_tim.o(i.HAL_TIM_PWM_PulseFinishedCallback)
    i.HAL_TIM_PeriodElapsedCallback          0x08001520   Section        0  main.o(i.HAL_TIM_PeriodElapsedCallback)
    i.HAL_TIM_TriggerCallback                0x08001534   Section        0  stm32f4xx_hal_tim.o(i.HAL_TIM_TriggerCallback)
    i.HardFault_Handler                      0x08001536   Section        0  stm32f4xx_it.o(i.HardFault_Handler)
    i.MX_CAN1_Init                           0x08001538   Section        0  can.o(i.MX_CAN1_Init)
    i.MX_FREERTOS_Init                       0x0800157c   Section        0  freertos.o(i.MX_FREERTOS_Init)
    i.MX_GPIO_Init                           0x080015c0   Section        0  gpio.o(i.MX_GPIO_Init)
    i.MemManage_Handler                      0x08001640   Section        0  stm32f4xx_it.o(i.MemManage_Handler)
    i.MotorControlTask                       0x08001642   Section        0  freertos.o(i.MotorControlTask)
    i.NMI_Handler                            0x0800164a   Section        0  stm32f4xx_it.o(i.NMI_Handler)
    i.OLED_Clear                             0x0800164c   Section        0  oled.o(i.OLED_Clear)
    i.OLED_I2C_Init                          0x08001674   Section        0  oled.o(i.OLED_I2C_Init)
    i.OLED_I2C_SendByte                      0x08001694   Section        0  oled.o(i.OLED_I2C_SendByte)
    i.OLED_I2C_Start                         0x080016f0   Section        0  oled.o(i.OLED_I2C_Start)
    i.OLED_I2C_Stop                          0x08001728   Section        0  oled.o(i.OLED_I2C_Stop)
    i.OLED_Init                              0x08001758   Section        0  oled.o(i.OLED_Init)
    i.OLED_Pow                               0x08001804   Section        0  oled.o(i.OLED_Pow)
    i.OLED_SetCursor                         0x08001812   Section        0  oled.o(i.OLED_SetCursor)
    i.OLED_ShowChar                          0x08001834   Section        0  oled.o(i.OLED_ShowChar)
    i.OLED_ShowNum                           0x0800189c   Section        0  oled.o(i.OLED_ShowNum)
    i.OLED_ShowString                        0x080018de   Section        0  oled.o(i.OLED_ShowString)
    i.OLED_WriteCommand                      0x08001904   Section        0  oled.o(i.OLED_WriteCommand)
    i.OLED_WriteData                         0x08001926   Section        0  oled.o(i.OLED_WriteData)
    i.StartDefaultTask                       0x08001948   Section        0  freertos.o(i.StartDefaultTask)
    i.SysTick_Handler                        0x08001978   Section        0  cmsis_os2.o(i.SysTick_Handler)
    i.SystemClock_Config                     0x08001994   Section        0  main.o(i.SystemClock_Config)
    i.SystemInit                             0x08001a28   Section        0  system_stm32f4xx.o(i.SystemInit)
    i.TIM1_UP_TIM10_IRQHandler               0x08001a38   Section        0  stm32f4xx_it.o(i.TIM1_UP_TIM10_IRQHandler)
    i.TIM_Base_SetConfig                     0x08001a44   Section        0  stm32f4xx_hal_tim.o(i.TIM_Base_SetConfig)
    i.UltrasonicRangeTaks                    0x08001b0c   Section        0  freertos.o(i.UltrasonicRangeTaks)
    i.UsageFault_Handler                     0x08001b14   Section        0  stm32f4xx_it.o(i.UsageFault_Handler)
    i.__NVIC_SetPriority                     0x08001b16   Section        0  stm32f4xx_hal_cortex.o(i.__NVIC_SetPriority)
    __NVIC_SetPriority                       0x08001b17   Thumb Code    32  stm32f4xx_hal_cortex.o(i.__NVIC_SetPriority)
    i.main                                   0x08001b36   Section        0  main.o(i.main)
    i.osDelay                                0x08001b58   Section        0  cmsis_os2.o(i.osDelay)
    i.osKernelInitialize                     0x08001b74   Section        0  cmsis_os2.o(i.osKernelInitialize)
    i.osKernelStart                          0x08001b98   Section        0  cmsis_os2.o(i.osKernelStart)
    i.osThreadNew                            0x08001bd0   Section        0  cmsis_os2.o(i.osThreadNew)
    i.prvAddCurrentTaskToDelayedList         0x08001c5c   Section        0  tasks.o(i.prvAddCurrentTaskToDelayedList)
    prvAddCurrentTaskToDelayedList           0x08001c5d   Thumb Code    84  tasks.o(i.prvAddCurrentTaskToDelayedList)
    i.prvAddNewTaskToReadyList               0x08001cb8   Section        0  tasks.o(i.prvAddNewTaskToReadyList)
    prvAddNewTaskToReadyList                 0x08001cb9   Thumb Code   190  tasks.o(i.prvAddNewTaskToReadyList)
    i.prvCheckForValidListAndQueue           0x08001d88   Section        0  timers.o(i.prvCheckForValidListAndQueue)
    prvCheckForValidListAndQueue             0x08001d89   Thumb Code    72  timers.o(i.prvCheckForValidListAndQueue)
    i.prvCopyDataFromQueue                   0x08001de0   Section        0  queue.o(i.prvCopyDataFromQueue)
    prvCopyDataFromQueue                     0x08001de1   Thumb Code    38  queue.o(i.prvCopyDataFromQueue)
    i.prvCopyDataToQueue                     0x08001e06   Section        0  queue.o(i.prvCopyDataToQueue)
    prvCopyDataToQueue                       0x08001e07   Thumb Code   108  queue.o(i.prvCopyDataToQueue)
    i.prvDeleteTCB                           0x08001e72   Section        0  tasks.o(i.prvDeleteTCB)
    prvDeleteTCB                             0x08001e73   Thumb Code    52  tasks.o(i.prvDeleteTCB)
    i.prvHeapInit                            0x08001ea8   Section        0  heap_4.o(i.prvHeapInit)
    prvHeapInit                              0x08001ea9   Thumb Code    66  heap_4.o(i.prvHeapInit)
    i.prvIdleTask                            0x08001ef4   Section        0  tasks.o(i.prvIdleTask)
    prvIdleTask                              0x08001ef5   Thumb Code    82  tasks.o(i.prvIdleTask)
    i.prvInitialiseNewQueue                  0x08001f54   Section        0  queue.o(i.prvInitialiseNewQueue)
    prvInitialiseNewQueue                    0x08001f55   Thumb Code    34  queue.o(i.prvInitialiseNewQueue)
    i.prvInitialiseNewTask                   0x08001f78   Section        0  tasks.o(i.prvInitialiseNewTask)
    prvInitialiseNewTask                     0x08001f79   Thumb Code   176  tasks.o(i.prvInitialiseNewTask)
    i.prvInsertBlockIntoFreeList             0x08002028   Section        0  heap_4.o(i.prvInsertBlockIntoFreeList)
    prvInsertBlockIntoFreeList               0x08002029   Thumb Code    72  heap_4.o(i.prvInsertBlockIntoFreeList)
    i.prvInsertTimerInActiveList             0x08002074   Section        0  timers.o(i.prvInsertTimerInActiveList)
    prvInsertTimerInActiveList               0x08002075   Thumb Code    52  timers.o(i.prvInsertTimerInActiveList)
    i.prvIsQueueEmpty                        0x080020ac   Section        0  queue.o(i.prvIsQueueEmpty)
    prvIsQueueEmpty                          0x080020ad   Thumb Code    28  queue.o(i.prvIsQueueEmpty)
    i.prvProcessReceivedCommands             0x080020c8   Section        0  timers.o(i.prvProcessReceivedCommands)
    prvProcessReceivedCommands               0x080020c9   Thumb Code   248  timers.o(i.prvProcessReceivedCommands)
    i.prvProcessTimerOrBlockTask             0x080021c4   Section        0  timers.o(i.prvProcessTimerOrBlockTask)
    prvProcessTimerOrBlockTask               0x080021c5   Thumb Code   182  timers.o(i.prvProcessTimerOrBlockTask)
    i.prvResetNextTaskUnblockTime            0x08002284   Section        0  tasks.o(i.prvResetNextTaskUnblockTime)
    prvResetNextTaskUnblockTime              0x08002285   Thumb Code    26  tasks.o(i.prvResetNextTaskUnblockTime)
    i.prvSampleTimeNow                       0x080022a4   Section        0  timers.o(i.prvSampleTimeNow)
    prvSampleTimeNow                         0x080022a5   Thumb Code    36  timers.o(i.prvSampleTimeNow)
    i.prvSwitchTimerLists                    0x080022cc   Section        0  timers.o(i.prvSwitchTimerLists)
    prvSwitchTimerLists                      0x080022cd   Thumb Code   104  timers.o(i.prvSwitchTimerLists)
    i.prvTaskExitError                       0x08002338   Section        0  port.o(i.prvTaskExitError)
    prvTaskExitError                         0x08002339   Thumb Code    36  port.o(i.prvTaskExitError)
    i.prvTimerTask                           0x08002360   Section        0  timers.o(i.prvTimerTask)
    prvTimerTask                             0x08002361   Thumb Code    32  timers.o(i.prvTimerTask)
    i.prvUnlockQueue                         0x08002384   Section        0  queue.o(i.prvUnlockQueue)
    prvUnlockQueue                           0x08002385   Thumb Code   106  queue.o(i.prvUnlockQueue)
    i.pvPortMalloc                           0x080023f0   Section        0  heap_4.o(i.pvPortMalloc)
    i.pxPortInitialiseStack                  0x080024cc   Section        0  port.o(i.pxPortInitialiseStack)
    i.uxListRemove                           0x080024f8   Section        0  list.o(i.uxListRemove)
    i.vApplicationGetIdleTaskMemory          0x08002520   Section        0  cmsis_os2.o(i.vApplicationGetIdleTaskMemory)
    i.vApplicationGetTimerTaskMemory         0x08002534   Section        0  cmsis_os2.o(i.vApplicationGetTimerTaskMemory)
    i.vListInitialise                        0x0800254c   Section        0  list.o(i.vListInitialise)
    i.vListInitialiseItem                    0x08002562   Section        0  list.o(i.vListInitialiseItem)
    i.vListInsert                            0x08002568   Section        0  list.o(i.vListInsert)
    i.vListInsertEnd                         0x08002598   Section        0  list.o(i.vListInsertEnd)
    i.vPortEnterCritical                     0x080025b0   Section        0  port.o(i.vPortEnterCritical)
    i.vPortExitCritical                      0x080025f0   Section        0  port.o(i.vPortExitCritical)
    i.vPortFree                              0x08002618   Section        0  heap_4.o(i.vPortFree)
    i.vPortSetupTimerInterrupt               0x0800267c   Section        0  port.o(i.vPortSetupTimerInterrupt)
    i.vPortValidateInterruptPriority         0x080026a0   Section        0  port.o(i.vPortValidateInterruptPriority)
    i.vQueueAddToRegistry                    0x080026f4   Section        0  queue.o(i.vQueueAddToRegistry)
    i.vQueueWaitForMessageRestricted         0x0800271c   Section        0  queue.o(i.vQueueWaitForMessageRestricted)
    i.vTaskDelay                             0x08002760   Section        0  tasks.o(i.vTaskDelay)
    i.vTaskInternalSetTimeOutState           0x080027ac   Section        0  tasks.o(i.vTaskInternalSetTimeOutState)
    i.vTaskMissedYield                       0x080027bc   Section        0  tasks.o(i.vTaskMissedYield)
    i.vTaskPlaceOnEventList                  0x080027c8   Section        0  tasks.o(i.vTaskPlaceOnEventList)
    i.vTaskPlaceOnEventListRestricted        0x080027f8   Section        0  tasks.o(i.vTaskPlaceOnEventListRestricted)
    i.vTaskStartScheduler                    0x08002830   Section        0  tasks.o(i.vTaskStartScheduler)
    i.vTaskSuspendAll                        0x080028b8   Section        0  tasks.o(i.vTaskSuspendAll)
    i.vTaskSwitchContext                     0x080028c8   Section        0  tasks.o(i.vTaskSwitchContext)
    i.xPortStartScheduler                    0x0800292c   Section        0  port.o(i.xPortStartScheduler)
    i.xPortSysTickHandler                    0x08002a20   Section        0  port.o(i.xPortSysTickHandler)
    i.xQueueGenericCreateStatic              0x08002a4c   Section        0  queue.o(i.xQueueGenericCreateStatic)
    i.xQueueGenericReset                     0x08002ab4   Section        0  queue.o(i.xQueueGenericReset)
    i.xQueueGenericSend                      0x08002b3c   Section        0  queue.o(i.xQueueGenericSend)
    i.xQueueGenericSendFromISR               0x08002c9c   Section        0  queue.o(i.xQueueGenericSendFromISR)
    i.xQueueReceive                          0x08002d5c   Section        0  queue.o(i.xQueueReceive)
    i.xTaskCheckForTimeOut                   0x08002e94   Section        0  tasks.o(i.xTaskCheckForTimeOut)
    i.xTaskCreate                            0x08002f08   Section        0  tasks.o(i.xTaskCreate)
    i.xTaskCreateStatic                      0x08002f62   Section        0  tasks.o(i.xTaskCreateStatic)
    i.xTaskGetSchedulerState                 0x08002fb8   Section        0  tasks.o(i.xTaskGetSchedulerState)
    i.xTaskGetTickCount                      0x08002fd4   Section        0  tasks.o(i.xTaskGetTickCount)
    i.xTaskIncrementTick                     0x08002fe0   Section        0  tasks.o(i.xTaskIncrementTick)
    i.xTaskPriorityDisinherit                0x080030a8   Section        0  tasks.o(i.xTaskPriorityDisinherit)
    i.xTaskRemoveFromEventList               0x08003128   Section        0  tasks.o(i.xTaskRemoveFromEventList)
    i.xTaskResumeAll                         0x08003198   Section        0  tasks.o(i.xTaskResumeAll)
    i.xTimerCreateTimerTask                  0x0800325c   Section        0  timers.o(i.xTimerCreateTimerTask)
    i.xTimerGenericCommand                   0x080032bc   Section        0  timers.o(i.xTimerGenericCommand)
    x$fpl$fpinit                             0x08003324   Section       10  fpinit.o(x$fpl$fpinit)
    $v0                                      0x08003324   Number         0  fpinit.o(x$fpl$fpinit)
    .constdata                               0x08003330   Section      108  freertos.o(.constdata)
    .constdata                               0x0800339c   Section       16  system_stm32f4xx.o(.constdata)
    .constdata                               0x080033ac   Section        8  system_stm32f4xx.o(.constdata)
    .constdata                               0x080033b4   Section     1520  oled.o(.constdata)
    .conststring                             0x080039a4   Section       36  freertos.o(.conststring)
    .data                                    0x20000000   Section       12  freertos.o(.data)
    .data                                    0x2000000c   Section       12  stm32f4xx_hal.o(.data)
    .data                                    0x20000018   Section        4  system_stm32f4xx.o(.data)
    .data                                    0x2000001c   Section       60  tasks.o(.data)
    uxDeletedTasksWaitingCleanUp             0x20000020   Data           4  tasks.o(.data)
    uxCurrentNumberOfTasks                   0x20000024   Data           4  tasks.o(.data)
    xTickCount                               0x20000028   Data           4  tasks.o(.data)
    uxTopReadyPriority                       0x2000002c   Data           4  tasks.o(.data)
    xSchedulerRunning                        0x20000030   Data           4  tasks.o(.data)
    xPendedTicks                             0x20000034   Data           4  tasks.o(.data)
    xYieldPending                            0x20000038   Data           4  tasks.o(.data)
    xNumOfOverflows                          0x2000003c   Data           4  tasks.o(.data)
    uxTaskNumber                             0x20000040   Data           4  tasks.o(.data)
    xNextTaskUnblockTime                     0x20000044   Data           4  tasks.o(.data)
    xIdleTaskHandle                          0x20000048   Data           4  tasks.o(.data)
    uxSchedulerSuspended                     0x2000004c   Data           4  tasks.o(.data)
    pxDelayedTaskList                        0x20000050   Data           4  tasks.o(.data)
    pxOverflowDelayedTaskList                0x20000054   Data           4  tasks.o(.data)
    .data                                    0x20000058   Section       20  timers.o(.data)
    xTimerQueue                              0x20000058   Data           4  timers.o(.data)
    xTimerTaskHandle                         0x2000005c   Data           4  timers.o(.data)
    xLastTime                                0x20000060   Data           4  timers.o(.data)
    pxCurrentTimerList                       0x20000064   Data           4  timers.o(.data)
    pxOverflowTimerList                      0x20000068   Data           4  timers.o(.data)
    .data                                    0x2000006c   Section        4  cmsis_os2.o(.data)
    KernelState                              0x2000006c   Data           4  cmsis_os2.o(.data)
    .data                                    0x20000070   Section       32  heap_4.o(.data)
    pxEnd                                    0x20000070   Data           4  heap_4.o(.data)
    xFreeBytesRemaining                      0x20000074   Data           4  heap_4.o(.data)
    xMinimumEverFreeBytesRemaining           0x20000078   Data           4  heap_4.o(.data)
    xNumberOfSuccessfulAllocations           0x2000007c   Data           4  heap_4.o(.data)
    xNumberOfSuccessfulFrees                 0x20000080   Data           4  heap_4.o(.data)
    xBlockAllocatedBit                       0x20000084   Data           4  heap_4.o(.data)
    xStart                                   0x20000088   Data           8  heap_4.o(.data)
    .data                                    0x20000090   Section       12  port.o(.data)
    ucMaxSysCallPriority                     0x20000090   Data           1  port.o(.data)
    uxCriticalNesting                        0x20000094   Data           4  port.o(.data)
    ulMaxPRIGROUPValue                       0x20000098   Data           4  port.o(.data)
    .bss                                     0x2000009c   Section       40  can.o(.bss)
    .bss                                     0x200000c4   Section       72  stm32f4xx_hal_timebase_tim.o(.bss)
    .bss                                     0x2000010c   Section       64  queue.o(.bss)
    .bss                                     0x2000014c   Section     1220  tasks.o(.bss)
    pxReadyTasksLists                        0x2000014c   Data        1120  tasks.o(.bss)
    xDelayedTaskList1                        0x200005ac   Data          20  tasks.o(.bss)
    xDelayedTaskList2                        0x200005c0   Data          20  tasks.o(.bss)
    xPendingReadyList                        0x200005d4   Data          20  tasks.o(.bss)
    xTasksWaitingTermination                 0x200005e8   Data          20  tasks.o(.bss)
    xSuspendedTaskList                       0x200005fc   Data          20  tasks.o(.bss)
    .bss                                     0x20000610   Section      280  timers.o(.bss)
    xStaticTimerQueue                        0x20000610   Data          80  timers.o(.bss)
    ucStaticTimerQueueStorage                0x20000660   Data         160  timers.o(.bss)
    xActiveTimerList1                        0x20000700   Data          20  timers.o(.bss)
    xActiveTimerList2                        0x20000714   Data          20  timers.o(.bss)
    .bss                                     0x20000728   Section     1720  cmsis_os2.o(.bss)
    Idle_TCB                                 0x20000728   Data          92  cmsis_os2.o(.bss)
    Idle_Stack                               0x20000784   Data         512  cmsis_os2.o(.bss)
    Timer_TCB                                0x20000984   Data          92  cmsis_os2.o(.bss)
    Timer_Stack                              0x200009e0   Data        1024  cmsis_os2.o(.bss)
    .bss                                     0x20000de0   Section    15360  heap_4.o(.bss)
    ucHeap                                   0x20000de0   Data       15360  heap_4.o(.bss)
    .bss                                     0x200049e0   Section       96  libspace.o(.bss)
    HEAP                                     0x20004a40   Section      512  startup_stm32f407xx.o(HEAP)
    Heap_Mem                                 0x20004a40   Data         512  startup_stm32f407xx.o(HEAP)
    STACK                                    0x20004c40   Section     1024  startup_stm32f407xx.o(STACK)
    Stack_Mem                                0x20004c40   Data        1024  startup_stm32f407xx.o(STACK)
    __initial_sp                             0x20005040   Data           0  startup_stm32f407xx.o(STACK)

    Global Symbols

    Symbol Name                              Value     Ov Type        Size  Object(Section)

    BuildAttributes$$THM_ISAv4$E$P$D$K$B$S$7EM$VFPi3$EXTD16$VFPS$VFMA$PE$A:L22UL41UL21$X:L11$S22US41US21$IEEE1$IW$USESV6$~STKCKD$USESV7$~SHL$OSPACE$ROPI$EBA8$UX$STANDARDLIB$REQ8$PRES8$EABIv2 0x00000000   Number         0  anon$$obj.o ABSOLUTE
    __ARM_use_no_argv                        0x00000000   Number         0  main.o ABSOLUTE
    __ARM_exceptions_init                     - Undefined Weak Reference
    __alloca_initialize                       - Undefined Weak Reference
    __arm_fini_                               - Undefined Weak Reference
    __arm_preinit_                            - Undefined Weak Reference
    __cpp_initialize__aeabi_                  - Undefined Weak Reference
    __cxa_finalize                            - Undefined Weak Reference
    __rt_locale                               - Undefined Weak Reference
    __sigvec_lookup                           - Undefined Weak Reference
    _atexit_init                              - Undefined Weak Reference
    _call_atexit_fns                          - Undefined Weak Reference
    _clock_init                               - Undefined Weak Reference
    _fp_trap_init                             - Undefined Weak Reference
    _fp_trap_shutdown                         - Undefined Weak Reference
    _get_lc_collate                           - Undefined Weak Reference
    _get_lc_ctype                             - Undefined Weak Reference
    _get_lc_monetary                          - Undefined Weak Reference
    _get_lc_numeric                           - Undefined Weak Reference
    _get_lc_time                              - Undefined Weak Reference
    _getenv_init                              - Undefined Weak Reference
    _handle_redirection                       - Undefined Weak Reference
    _init_alloc                               - Undefined Weak Reference
    _init_user_alloc                          - Undefined Weak Reference
    _initio                                   - Undefined Weak Reference
    _rand_init                                - Undefined Weak Reference
    _signal_finish                            - Undefined Weak Reference
    _signal_init                              - Undefined Weak Reference
    _terminate_alloc                          - Undefined Weak Reference
    _terminate_user_alloc                     - Undefined Weak Reference
    _terminateio                              - Undefined Weak Reference
    __Vectors_Size                           0x00000188   Number         0  startup_stm32f407xx.o ABSOLUTE
    __Vectors                                0x08000000   Data           4  startup_stm32f407xx.o(RESET)
    __Vectors_End                            0x08000188   Data           0  startup_stm32f407xx.o(RESET)
    __main                                   0x08000189   Thumb Code     8  __main.o(!!!main)
    __scatterload                            0x08000191   Thumb Code     0  __scatter.o(!!!scatter)
    __scatterload_rt2                        0x08000191   Thumb Code    44  __scatter.o(!!!scatter)
    __scatterload_rt2_thumb_only             0x08000191   Thumb Code     0  __scatter.o(!!!scatter)
    __scatterload_null                       0x0800019f   Thumb Code     0  __scatter.o(!!!scatter)
    __scatterload_copy                       0x080001c5   Thumb Code    26  __scatter_copy.o(!!handler_copy)
    __scatterload_zeroinit                   0x080001e1   Thumb Code    28  __scatter_zi.o(!!handler_zi)
    __rt_lib_init                            0x080001fd   Thumb Code     0  libinit.o(.ARM.Collect$$libinit$$00000000)
    __rt_lib_init_fp_1                       0x080001ff   Thumb Code     0  libinit2.o(.ARM.Collect$$libinit$$00000001)
    __rt_lib_init_alloca_1                   0x08000203   Thumb Code     0  libinit2.o(.ARM.Collect$$libinit$$0000002E)
    __rt_lib_init_argv_1                     0x08000203   Thumb Code     0  libinit2.o(.ARM.Collect$$libinit$$0000002C)
    __rt_lib_init_atexit_1                   0x08000203   Thumb Code     0  libinit2.o(.ARM.Collect$$libinit$$0000001B)
    __rt_lib_init_clock_1                    0x08000203   Thumb Code     0  libinit2.o(.ARM.Collect$$libinit$$00000021)
    __rt_lib_init_cpp_1                      0x08000203   Thumb Code     0  libinit2.o(.ARM.Collect$$libinit$$00000032)
    __rt_lib_init_exceptions_1               0x08000203   Thumb Code     0  libinit2.o(.ARM.Collect$$libinit$$00000030)
    __rt_lib_init_fp_trap_1                  0x08000203   Thumb Code     0  libinit2.o(.ARM.Collect$$libinit$$0000001F)
    __rt_lib_init_getenv_1                   0x08000203   Thumb Code     0  libinit2.o(.ARM.Collect$$libinit$$00000023)
    __rt_lib_init_heap_1                     0x08000203   Thumb Code     0  libinit2.o(.ARM.Collect$$libinit$$0000000A)
    __rt_lib_init_lc_collate_1               0x08000203   Thumb Code     0  libinit2.o(.ARM.Collect$$libinit$$00000011)
    __rt_lib_init_lc_ctype_1                 0x08000203   Thumb Code     0  libinit2.o(.ARM.Collect$$libinit$$00000013)
    __rt_lib_init_lc_monetary_1              0x08000203   Thumb Code     0  libinit2.o(.ARM.Collect$$libinit$$00000015)
    __rt_lib_init_lc_numeric_1               0x08000203   Thumb Code     0  libinit2.o(.ARM.Collect$$libinit$$00000017)
    __rt_lib_init_lc_time_1                  0x08000203   Thumb Code     0  libinit2.o(.ARM.Collect$$libinit$$00000019)
    __rt_lib_init_preinit_1                  0x08000203   Thumb Code     0  libinit2.o(.ARM.Collect$$libinit$$00000004)
    __rt_lib_init_rand_1                     0x08000203   Thumb Code     0  libinit2.o(.ARM.Collect$$libinit$$0000000E)
    __rt_lib_init_return                     0x08000203   Thumb Code     0  libinit2.o(.ARM.Collect$$libinit$$00000033)
    __rt_lib_init_signal_1                   0x08000203   Thumb Code     0  libinit2.o(.ARM.Collect$$libinit$$0000001D)
    __rt_lib_init_stdio_1                    0x08000203   Thumb Code     0  libinit2.o(.ARM.Collect$$libinit$$00000025)
    __rt_lib_init_user_alloc_1               0x08000203   Thumb Code     0  libinit2.o(.ARM.Collect$$libinit$$0000000C)
    __rt_lib_shutdown                        0x08000205   Thumb Code     0  libshutdown.o(.ARM.Collect$$libshutdown$$00000000)
    __rt_lib_shutdown_cpp_1                  0x08000207   Thumb Code     0  libshutdown2.o(.ARM.Collect$$libshutdown$$00000004)
    __rt_lib_shutdown_fini_1                 0x08000207   Thumb Code     0  libshutdown2.o(.ARM.Collect$$libshutdown$$00000002)
    __rt_lib_shutdown_fp_trap_1              0x08000207   Thumb Code     0  libshutdown2.o(.ARM.Collect$$libshutdown$$00000009)
    __rt_lib_shutdown_heap_1                 0x08000207   Thumb Code     0  libshutdown2.o(.ARM.Collect$$libshutdown$$00000011)
    __rt_lib_shutdown_return                 0x08000207   Thumb Code     0  libshutdown2.o(.ARM.Collect$$libshutdown$$00000012)
    __rt_lib_shutdown_signal_1               0x08000207   Thumb Code     0  libshutdown2.o(.ARM.Collect$$libshutdown$$0000000C)
    __rt_lib_shutdown_stdio_1                0x08000207   Thumb Code     0  libshutdown2.o(.ARM.Collect$$libshutdown$$00000006)
    __rt_lib_shutdown_user_alloc_1           0x08000207   Thumb Code     0  libshutdown2.o(.ARM.Collect$$libshutdown$$0000000E)
    __rt_entry                               0x08000209   Thumb Code     0  __rtentry.o(.ARM.Collect$$rtentry$$00000000)
    __rt_entry_presh_1                       0x08000209   Thumb Code     0  __rtentry2.o(.ARM.Collect$$rtentry$$00000002)
    __rt_entry_sh                            0x08000209   Thumb Code     0  __rtentry4.o(.ARM.Collect$$rtentry$$00000004)
    __rt_entry_li                            0x0800020f   Thumb Code     0  __rtentry2.o(.ARM.Collect$$rtentry$$0000000A)
    __rt_entry_postsh_1                      0x0800020f   Thumb Code     0  __rtentry2.o(.ARM.Collect$$rtentry$$00000009)
    __rt_entry_main                          0x08000213   Thumb Code     0  __rtentry2.o(.ARM.Collect$$rtentry$$0000000D)
    __rt_entry_postli_1                      0x08000213   Thumb Code     0  __rtentry2.o(.ARM.Collect$$rtentry$$0000000C)
    __rt_exit                                0x0800021b   Thumb Code     0  rtexit.o(.ARM.Collect$$rtexit$$00000000)
    __rt_exit_ls                             0x0800021d   Thumb Code     0  rtexit2.o(.ARM.Collect$$rtexit$$00000003)
    __rt_exit_prels_1                        0x0800021d   Thumb Code     0  rtexit2.o(.ARM.Collect$$rtexit$$00000002)
    __rt_exit_exit                           0x08000221   Thumb Code     0  rtexit2.o(.ARM.Collect$$rtexit$$00000004)
    SVC_Handler                              0x08000229   Thumb Code    28  port.o(.emb_text)
    __asm___6_port_c_39a90d8d__prvStartFirstTask 0x08000249   Thumb Code    36  port.o(.emb_text)
    __asm___6_port_c_39a90d8d__prvEnableVFP  0x08000271   Thumb Code    16  port.o(.emb_text)
    PendSV_Handler                           0x08000285   Thumb Code    88  port.o(.emb_text)
    vPortGetIPSR                             0x080002e1   Thumb Code     6  port.o(.emb_text)
    Reset_Handler                            0x080002e9   Thumb Code     8  startup_stm32f407xx.o(.text)
    ADC_IRQHandler                           0x08000303   Thumb Code     0  startup_stm32f407xx.o(.text)
    CAN1_RX1_IRQHandler                      0x08000303   Thumb Code     0  startup_stm32f407xx.o(.text)
    CAN1_SCE_IRQHandler                      0x08000303   Thumb Code     0  startup_stm32f407xx.o(.text)
    CAN1_TX_IRQHandler                       0x08000303   Thumb Code     0  startup_stm32f407xx.o(.text)
    CAN2_RX0_IRQHandler                      0x08000303   Thumb Code     0  startup_stm32f407xx.o(.text)
    CAN2_RX1_IRQHandler                      0x08000303   Thumb Code     0  startup_stm32f407xx.o(.text)
    CAN2_SCE_IRQHandler                      0x08000303   Thumb Code     0  startup_stm32f407xx.o(.text)
    CAN2_TX_IRQHandler                       0x08000303   Thumb Code     0  startup_stm32f407xx.o(.text)
    DCMI_IRQHandler                          0x08000303   Thumb Code     0  startup_stm32f407xx.o(.text)
    DMA1_Stream0_IRQHandler                  0x08000303   Thumb Code     0  startup_stm32f407xx.o(.text)
    DMA1_Stream1_IRQHandler                  0x08000303   Thumb Code     0  startup_stm32f407xx.o(.text)
    DMA1_Stream2_IRQHandler                  0x08000303   Thumb Code     0  startup_stm32f407xx.o(.text)
    DMA1_Stream3_IRQHandler                  0x08000303   Thumb Code     0  startup_stm32f407xx.o(.text)
    DMA1_Stream4_IRQHandler                  0x08000303   Thumb Code     0  startup_stm32f407xx.o(.text)
    DMA1_Stream5_IRQHandler                  0x08000303   Thumb Code     0  startup_stm32f407xx.o(.text)
    DMA1_Stream6_IRQHandler                  0x08000303   Thumb Code     0  startup_stm32f407xx.o(.text)
    DMA1_Stream7_IRQHandler                  0x08000303   Thumb Code     0  startup_stm32f407xx.o(.text)
    DMA2_Stream0_IRQHandler                  0x08000303   Thumb Code     0  startup_stm32f407xx.o(.text)
    DMA2_Stream1_IRQHandler                  0x08000303   Thumb Code     0  startup_stm32f407xx.o(.text)
    DMA2_Stream2_IRQHandler                  0x08000303   Thumb Code     0  startup_stm32f407xx.o(.text)
    DMA2_Stream3_IRQHandler                  0x08000303   Thumb Code     0  startup_stm32f407xx.o(.text)
    DMA2_Stream4_IRQHandler                  0x08000303   Thumb Code     0  startup_stm32f407xx.o(.text)
    DMA2_Stream5_IRQHandler                  0x08000303   Thumb Code     0  startup_stm32f407xx.o(.text)
    DMA2_Stream6_IRQHandler                  0x08000303   Thumb Code     0  startup_stm32f407xx.o(.text)
    DMA2_Stream7_IRQHandler                  0x08000303   Thumb Code     0  startup_stm32f407xx.o(.text)
    ETH_IRQHandler                           0x08000303   Thumb Code     0  startup_stm32f407xx.o(.text)
    ETH_WKUP_IRQHandler                      0x08000303   Thumb Code     0  startup_stm32f407xx.o(.text)
    EXTI0_IRQHandler                         0x08000303   Thumb Code     0  startup_stm32f407xx.o(.text)
    EXTI15_10_IRQHandler                     0x08000303   Thumb Code     0  startup_stm32f407xx.o(.text)
    EXTI1_IRQHandler                         0x08000303   Thumb Code     0  startup_stm32f407xx.o(.text)
    EXTI2_IRQHandler                         0x08000303   Thumb Code     0  startup_stm32f407xx.o(.text)
    EXTI3_IRQHandler                         0x08000303   Thumb Code     0  startup_stm32f407xx.o(.text)
    EXTI4_IRQHandler                         0x08000303   Thumb Code     0  startup_stm32f407xx.o(.text)
    EXTI9_5_IRQHandler                       0x08000303   Thumb Code     0  startup_stm32f407xx.o(.text)
    FLASH_IRQHandler                         0x08000303   Thumb Code     0  startup_stm32f407xx.o(.text)
    FMC_IRQHandler                           0x08000303   Thumb Code     0  startup_stm32f407xx.o(.text)
    FPU_IRQHandler                           0x08000303   Thumb Code     0  startup_stm32f407xx.o(.text)
    HASH_RNG_IRQHandler                      0x08000303   Thumb Code     0  startup_stm32f407xx.o(.text)
    I2C1_ER_IRQHandler                       0x08000303   Thumb Code     0  startup_stm32f407xx.o(.text)
    I2C1_EV_IRQHandler                       0x08000303   Thumb Code     0  startup_stm32f407xx.o(.text)
    I2C2_ER_IRQHandler                       0x08000303   Thumb Code     0  startup_stm32f407xx.o(.text)
    I2C2_EV_IRQHandler                       0x08000303   Thumb Code     0  startup_stm32f407xx.o(.text)
    I2C3_ER_IRQHandler                       0x08000303   Thumb Code     0  startup_stm32f407xx.o(.text)
    I2C3_EV_IRQHandler                       0x08000303   Thumb Code     0  startup_stm32f407xx.o(.text)
    OTG_FS_IRQHandler                        0x08000303   Thumb Code     0  startup_stm32f407xx.o(.text)
    OTG_FS_WKUP_IRQHandler                   0x08000303   Thumb Code     0  startup_stm32f407xx.o(.text)
    OTG_HS_EP1_IN_IRQHandler                 0x08000303   Thumb Code     0  startup_stm32f407xx.o(.text)
    OTG_HS_EP1_OUT_IRQHandler                0x08000303   Thumb Code     0  startup_stm32f407xx.o(.text)
    OTG_HS_IRQHandler                        0x08000303   Thumb Code     0  startup_stm32f407xx.o(.text)
    OTG_HS_WKUP_IRQHandler                   0x08000303   Thumb Code     0  startup_stm32f407xx.o(.text)
    PVD_IRQHandler                           0x08000303   Thumb Code     0  startup_stm32f407xx.o(.text)
    RCC_IRQHandler                           0x08000303   Thumb Code     0  startup_stm32f407xx.o(.text)
    RTC_Alarm_IRQHandler                     0x08000303   Thumb Code     0  startup_stm32f407xx.o(.text)
    RTC_WKUP_IRQHandler                      0x08000303   Thumb Code     0  startup_stm32f407xx.o(.text)
    SDIO_IRQHandler                          0x08000303   Thumb Code     0  startup_stm32f407xx.o(.text)
    SPI1_IRQHandler                          0x08000303   Thumb Code     0  startup_stm32f407xx.o(.text)
    SPI2_IRQHandler                          0x08000303   Thumb Code     0  startup_stm32f407xx.o(.text)
    SPI3_IRQHandler                          0x08000303   Thumb Code     0  startup_stm32f407xx.o(.text)
    TAMP_STAMP_IRQHandler                    0x08000303   Thumb Code     0  startup_stm32f407xx.o(.text)
    TIM1_BRK_TIM9_IRQHandler                 0x08000303   Thumb Code     0  startup_stm32f407xx.o(.text)
    TIM1_CC_IRQHandler                       0x08000303   Thumb Code     0  startup_stm32f407xx.o(.text)
    TIM1_TRG_COM_TIM11_IRQHandler            0x08000303   Thumb Code     0  startup_stm32f407xx.o(.text)
    TIM2_IRQHandler                          0x08000303   Thumb Code     0  startup_stm32f407xx.o(.text)
    TIM3_IRQHandler                          0x08000303   Thumb Code     0  startup_stm32f407xx.o(.text)
    TIM4_IRQHandler                          0x08000303   Thumb Code     0  startup_stm32f407xx.o(.text)
    TIM5_IRQHandler                          0x08000303   Thumb Code     0  startup_stm32f407xx.o(.text)
    TIM6_DAC_IRQHandler                      0x08000303   Thumb Code     0  startup_stm32f407xx.o(.text)
    TIM7_IRQHandler                          0x08000303   Thumb Code     0  startup_stm32f407xx.o(.text)
    TIM8_BRK_TIM12_IRQHandler                0x08000303   Thumb Code     0  startup_stm32f407xx.o(.text)
    TIM8_CC_IRQHandler                       0x08000303   Thumb Code     0  startup_stm32f407xx.o(.text)
    TIM8_TRG_COM_TIM14_IRQHandler            0x08000303   Thumb Code     0  startup_stm32f407xx.o(.text)
    TIM8_UP_TIM13_IRQHandler                 0x08000303   Thumb Code     0  startup_stm32f407xx.o(.text)
    UART4_IRQHandler                         0x08000303   Thumb Code     0  startup_stm32f407xx.o(.text)
    UART5_IRQHandler                         0x08000303   Thumb Code     0  startup_stm32f407xx.o(.text)
    USART1_IRQHandler                        0x08000303   Thumb Code     0  startup_stm32f407xx.o(.text)
    USART2_IRQHandler                        0x08000303   Thumb Code     0  startup_stm32f407xx.o(.text)
    USART3_IRQHandler                        0x08000303   Thumb Code     0  startup_stm32f407xx.o(.text)
    USART6_IRQHandler                        0x08000303   Thumb Code     0  startup_stm32f407xx.o(.text)
    WWDG_IRQHandler                          0x08000303   Thumb Code     0  startup_stm32f407xx.o(.text)
    __user_initial_stackheap                 0x08000305   Thumb Code     0  startup_stm32f407xx.o(.text)
    __aeabi_uldivmod                         0x08000329   Thumb Code     0  lludivv7m.o(.text)
    _ll_udiv                                 0x08000329   Thumb Code   238  lludivv7m.o(.text)
    __aeabi_memcpy                           0x08000417   Thumb Code     0  rt_memcpy_v6.o(.text)
    __rt_memcpy                              0x08000417   Thumb Code   138  rt_memcpy_v6.o(.text)
    _memcpy_lastbytes                        0x0800047d   Thumb Code     0  rt_memcpy_v6.o(.text)
    __aeabi_memset                           0x080004a1   Thumb Code    16  aeabi_memset.o(.text)
    __aeabi_memclr4                          0x080004b1   Thumb Code     0  rt_memclr_w.o(.text)
    __aeabi_memclr8                          0x080004b1   Thumb Code     0  rt_memclr_w.o(.text)
    __rt_memclr_w                            0x080004b1   Thumb Code    78  rt_memclr_w.o(.text)
    _memset_w                                0x080004b5   Thumb Code     0  rt_memclr_w.o(.text)
    __use_two_region_memory                  0x080004ff   Thumb Code     2  heapauxi.o(.text)
    __rt_heap_escrow$2region                 0x08000501   Thumb Code     2  heapauxi.o(.text)
    __rt_heap_expand$2region                 0x08000503   Thumb Code     2  heapauxi.o(.text)
    __aeabi_memcpy4                          0x08000505   Thumb Code     0  rt_memcpy_w.o(.text)
    __aeabi_memcpy8                          0x08000505   Thumb Code     0  rt_memcpy_w.o(.text)
    __rt_memcpy_w                            0x08000505   Thumb Code   100  rt_memcpy_w.o(.text)
    _memcpy_lastbytes_aligned                0x0800054d   Thumb Code     0  rt_memcpy_w.o(.text)
    __aeabi_memclr                           0x08000569   Thumb Code     0  rt_memclr.o(.text)
    __rt_memclr                              0x08000569   Thumb Code    68  rt_memclr.o(.text)
    _memset                                  0x0800056d   Thumb Code     0  rt_memclr.o(.text)
    __user_setup_stackheap                   0x080005ad   Thumb Code    74  sys_stackheap_outer.o(.text)
    exit                                     0x080005f7   Thumb Code    18  exit.o(.text)
    __user_libspace                          0x08000609   Thumb Code     8  libspace.o(.text)
    __user_perproc_libspace                  0x08000609   Thumb Code     0  libspace.o(.text)
    __user_perthread_libspace                0x08000609   Thumb Code     0  libspace.o(.text)
    _sys_exit                                0x08000611   Thumb Code     8  sys_exit.o(.text)
    __I$use$semihosting                      0x0800061d   Thumb Code     0  use_no_semi.o(.text)
    __use_no_semihosting_swi                 0x0800061d   Thumb Code     2  use_no_semi.o(.text)
    BusFault_Handler                         0x0800061f   Thumb Code     2  stm32f4xx_it.o(i.BusFault_Handler)
    __semihosting_library_function           0x0800061f   Thumb Code     0  indicate_semi.o(.text)
    CAN1_RX0_IRQHandler                      0x08000621   Thumb Code     6  stm32f4xx_it.o(i.CAN1_RX0_IRQHandler)
    DebugMon_Handler                         0x0800062d   Thumb Code     2  stm32f4xx_it.o(i.DebugMon_Handler)
    Error_Handler                            0x0800062f   Thumb Code     4  main.o(i.Error_Handler)
    HAL_CAN_ErrorCallback                    0x08000633   Thumb Code     2  stm32f4xx_hal_can.o(i.HAL_CAN_ErrorCallback)
    HAL_CAN_IRQHandler                       0x08000635   Thumb Code   508  stm32f4xx_hal_can.o(i.HAL_CAN_IRQHandler)
    HAL_CAN_Init                             0x08000831   Thumb Code   282  stm32f4xx_hal_can.o(i.HAL_CAN_Init)
    HAL_CAN_MspInit                          0x0800094d   Thumb Code   110  can.o(i.HAL_CAN_MspInit)
    HAL_CAN_RxFifo0FullCallback              0x080009c9   Thumb Code     2  stm32f4xx_hal_can.o(i.HAL_CAN_RxFifo0FullCallback)
    HAL_CAN_RxFifo0MsgPendingCallback        0x080009cb   Thumb Code     2  stm32f4xx_hal_can.o(i.HAL_CAN_RxFifo0MsgPendingCallback)
    HAL_CAN_RxFifo1FullCallback              0x080009cd   Thumb Code     2  stm32f4xx_hal_can.o(i.HAL_CAN_RxFifo1FullCallback)
    HAL_CAN_RxFifo1MsgPendingCallback        0x080009cf   Thumb Code     2  stm32f4xx_hal_can.o(i.HAL_CAN_RxFifo1MsgPendingCallback)
    HAL_CAN_SleepCallback                    0x080009d1   Thumb Code     2  stm32f4xx_hal_can.o(i.HAL_CAN_SleepCallback)
    HAL_CAN_TxMailbox0AbortCallback          0x080009d3   Thumb Code     2  stm32f4xx_hal_can.o(i.HAL_CAN_TxMailbox0AbortCallback)
    HAL_CAN_TxMailbox0CompleteCallback       0x080009d5   Thumb Code     2  stm32f4xx_hal_can.o(i.HAL_CAN_TxMailbox0CompleteCallback)
    HAL_CAN_TxMailbox1AbortCallback          0x080009d7   Thumb Code     2  stm32f4xx_hal_can.o(i.HAL_CAN_TxMailbox1AbortCallback)
    HAL_CAN_TxMailbox1CompleteCallback       0x080009d9   Thumb Code     2  stm32f4xx_hal_can.o(i.HAL_CAN_TxMailbox1CompleteCallback)
    HAL_CAN_TxMailbox2AbortCallback          0x080009db   Thumb Code     2  stm32f4xx_hal_can.o(i.HAL_CAN_TxMailbox2AbortCallback)
    HAL_CAN_TxMailbox2CompleteCallback       0x080009dd   Thumb Code     2  stm32f4xx_hal_can.o(i.HAL_CAN_TxMailbox2CompleteCallback)
    HAL_CAN_WakeUpFromRxMsgCallback          0x080009df   Thumb Code     2  stm32f4xx_hal_can.o(i.HAL_CAN_WakeUpFromRxMsgCallback)
    HAL_GPIO_Init                            0x080009e1   Thumb Code   450  stm32f4xx_hal_gpio.o(i.HAL_GPIO_Init)
    HAL_GPIO_WritePin                        0x08000bd1   Thumb Code    10  stm32f4xx_hal_gpio.o(i.HAL_GPIO_WritePin)
    HAL_GetTick                              0x08000bdd   Thumb Code     6  stm32f4xx_hal.o(i.HAL_GetTick)
    HAL_IncTick                              0x08000be9   Thumb Code    12  stm32f4xx_hal.o(i.HAL_IncTick)
    HAL_Init                                 0x08000bf9   Thumb Code    48  stm32f4xx_hal.o(i.HAL_Init)
    HAL_InitTick                             0x08000c2d   Thumb Code   120  stm32f4xx_hal_timebase_tim.o(i.HAL_InitTick)
    HAL_MspInit                              0x08000cb9   Thumb Code    52  stm32f4xx_hal_msp.o(i.HAL_MspInit)
    HAL_NVIC_EnableIRQ                       0x08000cf1   Thumb Code    26  stm32f4xx_hal_cortex.o(i.HAL_NVIC_EnableIRQ)
    HAL_NVIC_SetPriority                     0x08000d0d   Thumb Code    60  stm32f4xx_hal_cortex.o(i.HAL_NVIC_SetPriority)
    HAL_NVIC_SetPriorityGrouping             0x08000d4d   Thumb Code    26  stm32f4xx_hal_cortex.o(i.HAL_NVIC_SetPriorityGrouping)
    HAL_RCC_ClockConfig                      0x08000d71   Thumb Code   288  stm32f4xx_hal_rcc.o(i.HAL_RCC_ClockConfig)
    HAL_RCC_GetClockConfig                   0x08000ea5   Thumb Code    54  stm32f4xx_hal_rcc.o(i.HAL_RCC_GetClockConfig)
    HAL_RCC_GetPCLK2Freq                     0x08000ee5   Thumb Code    20  stm32f4xx_hal_rcc.o(i.HAL_RCC_GetPCLK2Freq)
    HAL_RCC_GetSysClockFreq                  0x08000f05   Thumb Code    88  stm32f4xx_hal_rcc.o(i.HAL_RCC_GetSysClockFreq)
    HAL_RCC_OscConfig                        0x08000f69   Thumb Code   856  stm32f4xx_hal_rcc.o(i.HAL_RCC_OscConfig)
    HAL_TIMEx_BreakCallback                  0x080012d5   Thumb Code     2  stm32f4xx_hal_tim_ex.o(i.HAL_TIMEx_BreakCallback)
    HAL_TIMEx_CommutCallback                 0x080012d7   Thumb Code     2  stm32f4xx_hal_tim_ex.o(i.HAL_TIMEx_CommutCallback)
    HAL_TIM_Base_Init                        0x080012d9   Thumb Code    90  stm32f4xx_hal_tim.o(i.HAL_TIM_Base_Init)
    HAL_TIM_Base_MspInit                     0x08001333   Thumb Code     2  stm32f4xx_hal_tim.o(i.HAL_TIM_Base_MspInit)
    HAL_TIM_Base_Start_IT                    0x08001335   Thumb Code   100  stm32f4xx_hal_tim.o(i.HAL_TIM_Base_Start_IT)
    HAL_TIM_IC_CaptureCallback               0x080013b5   Thumb Code     2  stm32f4xx_hal_tim.o(i.HAL_TIM_IC_CaptureCallback)
    HAL_TIM_IRQHandler                       0x080013b7   Thumb Code   358  stm32f4xx_hal_tim.o(i.HAL_TIM_IRQHandler)
    HAL_TIM_OC_DelayElapsedCallback          0x0800151d   Thumb Code     2  stm32f4xx_hal_tim.o(i.HAL_TIM_OC_DelayElapsedCallback)
    HAL_TIM_PWM_PulseFinishedCallback        0x0800151f   Thumb Code     2  stm32f4xx_hal_tim.o(i.HAL_TIM_PWM_PulseFinishedCallback)
    HAL_TIM_PeriodElapsedCallback            0x08001521   Thumb Code    14  main.o(i.HAL_TIM_PeriodElapsedCallback)
    HAL_TIM_TriggerCallback                  0x08001535   Thumb Code     2  stm32f4xx_hal_tim.o(i.HAL_TIM_TriggerCallback)
    HardFault_Handler                        0x08001537   Thumb Code     2  stm32f4xx_it.o(i.HardFault_Handler)
    MX_CAN1_Init                             0x08001539   Thumb Code    60  can.o(i.MX_CAN1_Init)
    MX_FREERTOS_Init                         0x0800157d   Thumb Code    46  freertos.o(i.MX_FREERTOS_Init)
    MX_GPIO_Init                             0x080015c1   Thumb Code   118  gpio.o(i.MX_GPIO_Init)
    MemManage_Handler                        0x08001641   Thumb Code     2  stm32f4xx_it.o(i.MemManage_Handler)
    MotorControlTask                         0x08001643   Thumb Code     8  freertos.o(i.MotorControlTask)
    NMI_Handler                              0x0800164b   Thumb Code     2  stm32f4xx_it.o(i.NMI_Handler)
    OLED_Clear                               0x0800164d   Thumb Code    38  oled.o(i.OLED_Clear)
    OLED_I2C_Init                            0x08001675   Thumb Code    28  oled.o(i.OLED_I2C_Init)
    OLED_I2C_SendByte                        0x08001695   Thumb Code    86  oled.o(i.OLED_I2C_SendByte)
    OLED_I2C_Start                           0x080016f1   Thumb Code    52  oled.o(i.OLED_I2C_Start)
    OLED_I2C_Stop                            0x08001729   Thumb Code    42  oled.o(i.OLED_I2C_Stop)
    OLED_Init                                0x08001759   Thumb Code   172  oled.o(i.OLED_Init)
    OLED_Pow                                 0x08001805   Thumb Code    14  oled.o(i.OLED_Pow)
    OLED_SetCursor                           0x08001813   Thumb Code    34  oled.o(i.OLED_SetCursor)
    OLED_ShowChar                            0x08001835   Thumb Code    98  oled.o(i.OLED_ShowChar)
    OLED_ShowNum                             0x0800189d   Thumb Code    66  oled.o(i.OLED_ShowNum)
    OLED_ShowString                          0x080018df   Thumb Code    38  oled.o(i.OLED_ShowString)
    OLED_WriteCommand                        0x08001905   Thumb Code    34  oled.o(i.OLED_WriteCommand)
    OLED_WriteData                           0x08001927   Thumb Code    34  oled.o(i.OLED_WriteData)
    StartDefaultTask                         0x08001949   Thumb Code    40  freertos.o(i.StartDefaultTask)
    SysTick_Handler                          0x08001979   Thumb Code    26  cmsis_os2.o(i.SysTick_Handler)
    SystemClock_Config                       0x08001995   Thumb Code   140  main.o(i.SystemClock_Config)
    SystemInit                               0x08001a29   Thumb Code    12  system_stm32f4xx.o(i.SystemInit)
    TIM1_UP_TIM10_IRQHandler                 0x08001a39   Thumb Code     6  stm32f4xx_it.o(i.TIM1_UP_TIM10_IRQHandler)
    TIM_Base_SetConfig                       0x08001a45   Thumb Code   156  stm32f4xx_hal_tim.o(i.TIM_Base_SetConfig)
    UltrasonicRangeTaks                      0x08001b0d   Thumb Code     8  freertos.o(i.UltrasonicRangeTaks)
    UsageFault_Handler                       0x08001b15   Thumb Code     2  stm32f4xx_it.o(i.UsageFault_Handler)
    main                                     0x08001b37   Thumb Code    34  main.o(i.main)
    osDelay                                  0x08001b59   Thumb Code    26  cmsis_os2.o(i.osDelay)
    osKernelInitialize                       0x08001b75   Thumb Code    32  cmsis_os2.o(i.osKernelInitialize)
    osKernelStart                            0x08001b99   Thumb Code    48  cmsis_os2.o(i.osKernelStart)
    osThreadNew                              0x08001bd1   Thumb Code   138  cmsis_os2.o(i.osThreadNew)
    pvPortMalloc                             0x080023f1   Thumb Code   216  heap_4.o(i.pvPortMalloc)
    pxPortInitialiseStack                    0x080024cd   Thumb Code    40  port.o(i.pxPortInitialiseStack)
    uxListRemove                             0x080024f9   Thumb Code    38  list.o(i.uxListRemove)
    vApplicationGetIdleTaskMemory            0x08002521   Thumb Code    16  cmsis_os2.o(i.vApplicationGetIdleTaskMemory)
    vApplicationGetTimerTaskMemory           0x08002535   Thumb Code    18  cmsis_os2.o(i.vApplicationGetTimerTaskMemory)
    vListInitialise                          0x0800254d   Thumb Code    22  list.o(i.vListInitialise)
    vListInitialiseItem                      0x08002563   Thumb Code     6  list.o(i.vListInitialiseItem)
    vListInsert                              0x08002569   Thumb Code    48  list.o(i.vListInsert)
    vListInsertEnd                           0x08002599   Thumb Code    24  list.o(i.vListInsertEnd)
    vPortEnterCritical                       0x080025b1   Thumb Code    54  port.o(i.vPortEnterCritical)
    vPortExitCritical                        0x080025f1   Thumb Code    34  port.o(i.vPortExitCritical)
    vPortFree                                0x08002619   Thumb Code    94  heap_4.o(i.vPortFree)
    vPortSetupTimerInterrupt                 0x0800267d   Thumb Code    32  port.o(i.vPortSetupTimerInterrupt)
    vPortValidateInterruptPriority           0x080026a1   Thumb Code    74  port.o(i.vPortValidateInterruptPriority)
    vQueueAddToRegistry                      0x080026f5   Thumb Code    34  queue.o(i.vQueueAddToRegistry)
    vQueueWaitForMessageRestricted           0x0800271d   Thumb Code    68  queue.o(i.vQueueWaitForMessageRestricted)
    vTaskDelay                               0x08002761   Thumb Code    66  tasks.o(i.vTaskDelay)
    vTaskInternalSetTimeOutState             0x080027ad   Thumb Code    12  tasks.o(i.vTaskInternalSetTimeOutState)
    vTaskMissedYield                         0x080027bd   Thumb Code     8  tasks.o(i.vTaskMissedYield)
    vTaskPlaceOnEventList                    0x080027c9   Thumb Code    44  tasks.o(i.vTaskPlaceOnEventList)
    vTaskPlaceOnEventListRestricted          0x080027f9   Thumb Code    52  tasks.o(i.vTaskPlaceOnEventListRestricted)
    vTaskStartScheduler                      0x08002831   Thumb Code   118  tasks.o(i.vTaskStartScheduler)
    vTaskSuspendAll                          0x080028b9   Thumb Code    10  tasks.o(i.vTaskSuspendAll)
    vTaskSwitchContext                       0x080028c9   Thumb Code    90  tasks.o(i.vTaskSwitchContext)
    xPortStartScheduler                      0x0800292d   Thumb Code   222  port.o(i.xPortStartScheduler)
    xPortSysTickHandler                      0x08002a21   Thumb Code    38  port.o(i.xPortSysTickHandler)
    xQueueGenericCreateStatic                0x08002a4d   Thumb Code   102  queue.o(i.xQueueGenericCreateStatic)
    xQueueGenericReset                       0x08002ab5   Thumb Code   132  queue.o(i.xQueueGenericReset)
    xQueueGenericSend                        0x08002b3d   Thumb Code   346  queue.o(i.xQueueGenericSend)
    xQueueGenericSendFromISR                 0x08002c9d   Thumb Code   190  queue.o(i.xQueueGenericSendFromISR)
    xQueueReceive                            0x08002d5d   Thumb Code   308  queue.o(i.xQueueReceive)
    xTaskCheckForTimeOut                     0x08002e95   Thumb Code   112  tasks.o(i.xTaskCheckForTimeOut)
    xTaskCreate                              0x08002f09   Thumb Code    90  tasks.o(i.xTaskCreate)
    xTaskCreateStatic                        0x08002f63   Thumb Code    86  tasks.o(i.xTaskCreateStatic)
    xTaskGetSchedulerState                   0x08002fb9   Thumb Code    22  tasks.o(i.xTaskGetSchedulerState)
    xTaskGetTickCount                        0x08002fd5   Thumb Code     6  tasks.o(i.xTaskGetTickCount)
    xTaskIncrementTick                       0x08002fe1   Thumb Code   192  tasks.o(i.xTaskIncrementTick)
    xTaskPriorityDisinherit                  0x080030a9   Thumb Code   118  tasks.o(i.xTaskPriorityDisinherit)
    xTaskRemoveFromEventList                 0x08003129   Thumb Code    98  tasks.o(i.xTaskRemoveFromEventList)
    xTaskResumeAll                           0x08003199   Thumb Code   182  tasks.o(i.xTaskResumeAll)
    xTimerCreateTimerTask                    0x0800325d   Thumb Code    78  timers.o(i.xTimerCreateTimerTask)
    xTimerGenericCommand                     0x080032bd   Thumb Code    98  timers.o(i.xTimerGenericCommand)
    _fp_init                                 0x08003325   Thumb Code    10  fpinit.o(x$fpl$fpinit)
    __fplib_config_fpu_vfp                   0x0800332d   Thumb Code     0  fpinit.o(x$fpl$fpinit)
    __fplib_config_pureend_doubles           0x0800332d   Thumb Code     0  fpinit.o(x$fpl$fpinit)
    defaultTask_attributes                   0x08003330   Data          36  freertos.o(.constdata)
    myTask02_attributes                      0x08003354   Data          36  freertos.o(.constdata)
    myTask03_attributes                      0x08003378   Data          36  freertos.o(.constdata)
    AHBPrescTable                            0x0800339c   Data          16  system_stm32f4xx.o(.constdata)
    APBPrescTable                            0x080033ac   Data           8  system_stm32f4xx.o(.constdata)
    OLED_F8x16                               0x080033b4   Data        1520  oled.o(.constdata)
    Region$$Table$$Base                      0x080039c8   Number         0  anon$$obj.o(Region$$Table)
    Region$$Table$$Limit                     0x080039e8   Number         0  anon$$obj.o(Region$$Table)
    defaultTaskHandle                        0x20000000   Data           4  freertos.o(.data)
    myTask02Handle                           0x20000004   Data           4  freertos.o(.data)
    myTask03Handle                           0x20000008   Data           4  freertos.o(.data)
    uwTickFreq                               0x2000000c   Data           1  stm32f4xx_hal.o(.data)
    uwTickPrio                               0x20000010   Data           4  stm32f4xx_hal.o(.data)
    uwTick                                   0x20000014   Data           4  stm32f4xx_hal.o(.data)
    SystemCoreClock                          0x20000018   Data           4  system_stm32f4xx.o(.data)
    pxCurrentTCB                             0x2000001c   Data           4  tasks.o(.data)
    hcan1                                    0x2000009c   Data          40  can.o(.bss)
    htim1                                    0x200000c4   Data          72  stm32f4xx_hal_timebase_tim.o(.bss)
    xQueueRegistry                           0x2000010c   Data          64  queue.o(.bss)
    __libspace_start                         0x200049e0   Data          96  libspace.o(.bss)
    __temporary_stack_top$libspace           0x20004a40   Data           0  libspace.o(.bss)



==============================================================================

Memory Map of the image

  Image Entry point : 0x08000189

  Load Region LR_IROM1 (Base: 0x08000000, Size: 0x00003a84, Max: 0x00080000, ABSOLUTE)

    Execution Region ER_IROM1 (Exec base: 0x08000000, Load base: 0x08000000, Size: 0x000039e8, Max: 0x00080000, ABSOLUTE)

    Exec Addr    Load Addr    Size         Type   Attr      Idx    E Section Name        Object

    0x08000000   0x08000000   0x00000188   Data   RO            3    RESET               startup_stm32f407xx.o
    0x08000188   0x08000188   0x00000008   Code   RO         4709  * !!!main             c_w.l(__main.o)
    0x08000190   0x08000190   0x00000034   Code   RO         4882    !!!scatter          c_w.l(__scatter.o)
    0x080001c4   0x080001c4   0x0000001a   Code   RO         4884    !!handler_copy      c_w.l(__scatter_copy.o)
    0x080001de   0x080001de   0x00000002   PAD
    0x080001e0   0x080001e0   0x0000001c   Code   RO         4886    !!handler_zi        c_w.l(__scatter_zi.o)
    0x080001fc   0x080001fc   0x00000002   Code   RO         4750    .ARM.Collect$$libinit$$00000000  c_w.l(libinit.o)
    0x080001fe   0x080001fe   0x00000004   Code   RO         4762    .ARM.Collect$$libinit$$00000001  c_w.l(libinit2.o)
    0x08000202   0x08000202   0x00000000   Code   RO         4765    .ARM.Collect$$libinit$$00000004  c_w.l(libinit2.o)
    0x08000202   0x08000202   0x00000000   Code   RO         4768    .ARM.Collect$$libinit$$0000000A  c_w.l(libinit2.o)
    0x08000202   0x08000202   0x00000000   Code   RO         4770    .ARM.Collect$$libinit$$0000000C  c_w.l(libinit2.o)
    0x08000202   0x08000202   0x00000000   Code   RO         4772    .ARM.Collect$$libinit$$0000000E  c_w.l(libinit2.o)
    0x08000202   0x08000202   0x00000000   Code   RO         4775    .ARM.Collect$$libinit$$00000011  c_w.l(libinit2.o)
    0x08000202   0x08000202   0x00000000   Code   RO         4777    .ARM.Collect$$libinit$$00000013  c_w.l(libinit2.o)
    0x08000202   0x08000202   0x00000000   Code   RO         4779    .ARM.Collect$$libinit$$00000015  c_w.l(libinit2.o)
    0x08000202   0x08000202   0x00000000   Code   RO         4781    .ARM.Collect$$libinit$$00000017  c_w.l(libinit2.o)
    0x08000202   0x08000202   0x00000000   Code   RO         4783    .ARM.Collect$$libinit$$00000019  c_w.l(libinit2.o)
    0x08000202   0x08000202   0x00000000   Code   RO         4785    .ARM.Collect$$libinit$$0000001B  c_w.l(libinit2.o)
    0x08000202   0x08000202   0x00000000   Code   RO         4787    .ARM.Collect$$libinit$$0000001D  c_w.l(libinit2.o)
    0x08000202   0x08000202   0x00000000   Code   RO         4789    .ARM.Collect$$libinit$$0000001F  c_w.l(libinit2.o)
    0x08000202   0x08000202   0x00000000   Code   RO         4791    .ARM.Collect$$libinit$$00000021  c_w.l(libinit2.o)
    0x08000202   0x08000202   0x00000000   Code   RO         4793    .ARM.Collect$$libinit$$00000023  c_w.l(libinit2.o)
    0x08000202   0x08000202   0x00000000   Code   RO         4795    .ARM.Collect$$libinit$$00000025  c_w.l(libinit2.o)
    0x08000202   0x08000202   0x00000000   Code   RO         4799    .ARM.Collect$$libinit$$0000002C  c_w.l(libinit2.o)
    0x08000202   0x08000202   0x00000000   Code   RO         4801    .ARM.Collect$$libinit$$0000002E  c_w.l(libinit2.o)
    0x08000202   0x08000202   0x00000000   Code   RO         4803    .ARM.Collect$$libinit$$00000030  c_w.l(libinit2.o)
    0x08000202   0x08000202   0x00000000   Code   RO         4805    .ARM.Collect$$libinit$$00000032  c_w.l(libinit2.o)
    0x08000202   0x08000202   0x00000002   Code   RO         4806    .ARM.Collect$$libinit$$00000033  c_w.l(libinit2.o)
    0x08000204   0x08000204   0x00000002   Code   RO         4837    .ARM.Collect$$libshutdown$$00000000  c_w.l(libshutdown.o)
    0x08000206   0x08000206   0x00000000   Code   RO         4863    .ARM.Collect$$libshutdown$$00000002  c_w.l(libshutdown2.o)
    0x08000206   0x08000206   0x00000000   Code   RO         4865    .ARM.Collect$$libshutdown$$00000004  c_w.l(libshutdown2.o)
    0x08000206   0x08000206   0x00000000   Code   RO         4867    .ARM.Collect$$libshutdown$$00000006  c_w.l(libshutdown2.o)
    0x08000206   0x08000206   0x00000000   Code   RO         4870    .ARM.Collect$$libshutdown$$00000009  c_w.l(libshutdown2.o)
    0x08000206   0x08000206   0x00000000   Code   RO         4873    .ARM.Collect$$libshutdown$$0000000C  c_w.l(libshutdown2.o)
    0x08000206   0x08000206   0x00000000   Code   RO         4875    .ARM.Collect$$libshutdown$$0000000E  c_w.l(libshutdown2.o)
    0x08000206   0x08000206   0x00000000   Code   RO         4878    .ARM.Collect$$libshutdown$$00000011  c_w.l(libshutdown2.o)
    0x08000206   0x08000206   0x00000002   Code   RO         4879    .ARM.Collect$$libshutdown$$00000012  c_w.l(libshutdown2.o)
    0x08000208   0x08000208   0x00000000   Code   RO         4711    .ARM.Collect$$rtentry$$00000000  c_w.l(__rtentry.o)
    0x08000208   0x08000208   0x00000000   Code   RO         4721    .ARM.Collect$$rtentry$$00000002  c_w.l(__rtentry2.o)
    0x08000208   0x08000208   0x00000006   Code   RO         4733    .ARM.Collect$$rtentry$$00000004  c_w.l(__rtentry4.o)
    0x0800020e   0x0800020e   0x00000000   Code   RO         4723    .ARM.Collect$$rtentry$$00000009  c_w.l(__rtentry2.o)
    0x0800020e   0x0800020e   0x00000004   Code   RO         4724    .ARM.Collect$$rtentry$$0000000A  c_w.l(__rtentry2.o)
    0x08000212   0x08000212   0x00000000   Code   RO         4726    .ARM.Collect$$rtentry$$0000000C  c_w.l(__rtentry2.o)
    0x08000212   0x08000212   0x00000008   Code   RO         4727    .ARM.Collect$$rtentry$$0000000D  c_w.l(__rtentry2.o)
    0x0800021a   0x0800021a   0x00000002   Code   RO         4754    .ARM.Collect$$rtexit$$00000000  c_w.l(rtexit.o)
    0x0800021c   0x0800021c   0x00000000   Code   RO         4810    .ARM.Collect$$rtexit$$00000002  c_w.l(rtexit2.o)
    0x0800021c   0x0800021c   0x00000004   Code   RO         4811    .ARM.Collect$$rtexit$$00000003  c_w.l(rtexit2.o)
    0x08000220   0x08000220   0x00000006   Code   RO         4812    .ARM.Collect$$rtexit$$00000004  c_w.l(rtexit2.o)
    0x08000226   0x08000226   0x00000002   PAD
    0x08000228   0x08000228   0x000000be   Code   RO         4504    .emb_text           port.o
    0x080002e6   0x080002e6   0x00000002   PAD
    0x080002e8   0x080002e8   0x00000040   Code   RO            4    .text               startup_stm32f407xx.o
    0x08000328   0x08000328   0x000000ee   Code   RO         4697    .text               c_w.l(lludivv7m.o)
    0x08000416   0x08000416   0x0000008a   Code   RO         4699    .text               c_w.l(rt_memcpy_v6.o)
    0x080004a0   0x080004a0   0x00000010   Code   RO         4703    .text               c_w.l(aeabi_memset.o)
    0x080004b0   0x080004b0   0x0000004e   Code   RO         4705    .text               c_w.l(rt_memclr_w.o)
    0x080004fe   0x080004fe   0x00000006   Code   RO         4707    .text               c_w.l(heapauxi.o)
    0x08000504   0x08000504   0x00000064   Code   RO         4716    .text               c_w.l(rt_memcpy_w.o)
    0x08000568   0x08000568   0x00000044   Code   RO         4718    .text               c_w.l(rt_memclr.o)
    0x080005ac   0x080005ac   0x0000004a   Code   RO         4737    .text               c_w.l(sys_stackheap_outer.o)
    0x080005f6   0x080005f6   0x00000012   Code   RO         4739    .text               c_w.l(exit.o)
    0x08000608   0x08000608   0x00000008   Code   RO         4751    .text               c_w.l(libspace.o)
    0x08000610   0x08000610   0x0000000c   Code   RO         4807    .text               c_w.l(sys_exit.o)
    0x0800061c   0x0800061c   0x00000002   Code   RO         4826    .text               c_w.l(use_no_semi.o)
    0x0800061e   0x0800061e   0x00000000   Code   RO         4828    .text               c_w.l(indicate_semi.o)
    0x0800061e   0x0800061e   0x00000002   Code   RO          316    i.BusFault_Handler  stm32f4xx_it.o
    0x08000620   0x08000620   0x0000000c   Code   RO          317    i.CAN1_RX0_IRQHandler  stm32f4xx_it.o
    0x0800062c   0x0800062c   0x00000002   Code   RO          318    i.DebugMon_Handler  stm32f4xx_it.o
    0x0800062e   0x0800062e   0x00000004   Code   RO           13    i.Error_Handler     main.o
    0x08000632   0x08000632   0x00000002   Code   RO          455    i.HAL_CAN_ErrorCallback  stm32f4xx_hal_can.o
    0x08000634   0x08000634   0x000001fc   Code   RO          462    i.HAL_CAN_IRQHandler  stm32f4xx_hal_can.o
    0x08000830   0x08000830   0x0000011a   Code   RO          463    i.HAL_CAN_Init      stm32f4xx_hal_can.o
    0x0800094a   0x0800094a   0x00000002   PAD
    0x0800094c   0x0800094c   0x0000007c   Code   RO          275    i.HAL_CAN_MspInit   can.o
    0x080009c8   0x080009c8   0x00000002   Code   RO          470    i.HAL_CAN_RxFifo0FullCallback  stm32f4xx_hal_can.o
    0x080009ca   0x080009ca   0x00000002   Code   RO          471    i.HAL_CAN_RxFifo0MsgPendingCallback  stm32f4xx_hal_can.o
    0x080009cc   0x080009cc   0x00000002   Code   RO          472    i.HAL_CAN_RxFifo1FullCallback  stm32f4xx_hal_can.o
    0x080009ce   0x080009ce   0x00000002   Code   RO          473    i.HAL_CAN_RxFifo1MsgPendingCallback  stm32f4xx_hal_can.o
    0x080009d0   0x080009d0   0x00000002   Code   RO          474    i.HAL_CAN_SleepCallback  stm32f4xx_hal_can.o
    0x080009d2   0x080009d2   0x00000002   Code   RO          477    i.HAL_CAN_TxMailbox0AbortCallback  stm32f4xx_hal_can.o
    0x080009d4   0x080009d4   0x00000002   Code   RO          478    i.HAL_CAN_TxMailbox0CompleteCallback  stm32f4xx_hal_can.o
    0x080009d6   0x080009d6   0x00000002   Code   RO          479    i.HAL_CAN_TxMailbox1AbortCallback  stm32f4xx_hal_can.o
    0x080009d8   0x080009d8   0x00000002   Code   RO          480    i.HAL_CAN_TxMailbox1CompleteCallback  stm32f4xx_hal_can.o
    0x080009da   0x080009da   0x00000002   Code   RO          481    i.HAL_CAN_TxMailbox2AbortCallback  stm32f4xx_hal_can.o
    0x080009dc   0x080009dc   0x00000002   Code   RO          482    i.HAL_CAN_TxMailbox2CompleteCallback  stm32f4xx_hal_can.o
    0x080009de   0x080009de   0x00000002   Code   RO          484    i.HAL_CAN_WakeUpFromRxMsgCallback  stm32f4xx_hal_can.o
    0x080009e0   0x080009e0   0x000001f0   Code   RO         1038    i.HAL_GPIO_Init     stm32f4xx_hal_gpio.o
    0x08000bd0   0x08000bd0   0x0000000a   Code   RO         1042    i.HAL_GPIO_WritePin  stm32f4xx_hal_gpio.o
    0x08000bda   0x08000bda   0x00000002   PAD
    0x08000bdc   0x08000bdc   0x0000000c   Code   RO         1570    i.HAL_GetTick       stm32f4xx_hal.o
    0x08000be8   0x08000be8   0x00000010   Code   RO         1576    i.HAL_IncTick       stm32f4xx_hal.o
    0x08000bf8   0x08000bf8   0x00000034   Code   RO         1577    i.HAL_Init          stm32f4xx_hal.o
    0x08000c2c   0x08000c2c   0x0000008c   Code   RO          410    i.HAL_InitTick      stm32f4xx_hal_timebase_tim.o
    0x08000cb8   0x08000cb8   0x00000038   Code   RO          386    i.HAL_MspInit       stm32f4xx_hal_msp.o
    0x08000cf0   0x08000cf0   0x0000001a   Code   RO         1427    i.HAL_NVIC_EnableIRQ  stm32f4xx_hal_cortex.o
    0x08000d0a   0x08000d0a   0x00000002   PAD
    0x08000d0c   0x08000d0c   0x00000040   Code   RO         1433    i.HAL_NVIC_SetPriority  stm32f4xx_hal_cortex.o
    0x08000d4c   0x08000d4c   0x00000024   Code   RO         1434    i.HAL_NVIC_SetPriorityGrouping  stm32f4xx_hal_cortex.o
    0x08000d70   0x08000d70   0x00000134   Code   RO          684    i.HAL_RCC_ClockConfig  stm32f4xx_hal_rcc.o
    0x08000ea4   0x08000ea4   0x00000040   Code   RO          688    i.HAL_RCC_GetClockConfig  stm32f4xx_hal_rcc.o
    0x08000ee4   0x08000ee4   0x00000020   Code   RO          692    i.HAL_RCC_GetPCLK2Freq  stm32f4xx_hal_rcc.o
    0x08000f04   0x08000f04   0x00000064   Code   RO          693    i.HAL_RCC_GetSysClockFreq  stm32f4xx_hal_rcc.o
    0x08000f68   0x08000f68   0x0000036c   Code   RO          696    i.HAL_RCC_OscConfig  stm32f4xx_hal_rcc.o
    0x080012d4   0x080012d4   0x00000002   Code   RO         2521    i.HAL_TIMEx_BreakCallback  stm32f4xx_hal_tim_ex.o
    0x080012d6   0x080012d6   0x00000002   Code   RO         2522    i.HAL_TIMEx_CommutCallback  stm32f4xx_hal_tim_ex.o
    0x080012d8   0x080012d8   0x0000005a   Code   RO         1817    i.HAL_TIM_Base_Init  stm32f4xx_hal_tim.o
    0x08001332   0x08001332   0x00000002   Code   RO         1819    i.HAL_TIM_Base_MspInit  stm32f4xx_hal_tim.o
    0x08001334   0x08001334   0x00000080   Code   RO         1822    i.HAL_TIM_Base_Start_IT  stm32f4xx_hal_tim.o
    0x080013b4   0x080013b4   0x00000002   Code   RO         1851    i.HAL_TIM_IC_CaptureCallback  stm32f4xx_hal_tim.o
    0x080013b6   0x080013b6   0x00000166   Code   RO         1865    i.HAL_TIM_IRQHandler  stm32f4xx_hal_tim.o
    0x0800151c   0x0800151c   0x00000002   Code   RO         1868    i.HAL_TIM_OC_DelayElapsedCallback  stm32f4xx_hal_tim.o
    0x0800151e   0x0800151e   0x00000002   Code   RO         1895    i.HAL_TIM_PWM_PulseFinishedCallback  stm32f4xx_hal_tim.o
    0x08001520   0x08001520   0x00000014   Code   RO           14    i.HAL_TIM_PeriodElapsedCallback  main.o
    0x08001534   0x08001534   0x00000002   Code   RO         1908    i.HAL_TIM_TriggerCallback  stm32f4xx_hal_tim.o
    0x08001536   0x08001536   0x00000002   Code   RO          319    i.HardFault_Handler  stm32f4xx_it.o
    0x08001538   0x08001538   0x00000044   Code   RO          276    i.MX_CAN1_Init      can.o
    0x0800157c   0x0800157c   0x00000044   Code   RO          219    i.MX_FREERTOS_Init  freertos.o
    0x080015c0   0x080015c0   0x00000080   Code   RO          195    i.MX_GPIO_Init      gpio.o
    0x08001640   0x08001640   0x00000002   Code   RO          320    i.MemManage_Handler  stm32f4xx_it.o
    0x08001642   0x08001642   0x00000008   Code   RO          220    i.MotorControlTask  freertos.o
    0x0800164a   0x0800164a   0x00000002   Code   RO          321    i.NMI_Handler       stm32f4xx_it.o
    0x0800164c   0x0800164c   0x00000026   Code   RO         4584    i.OLED_Clear        oled.o
    0x08001672   0x08001672   0x00000002   PAD
    0x08001674   0x08001674   0x00000020   Code   RO         4585    i.OLED_I2C_Init     oled.o
    0x08001694   0x08001694   0x0000005c   Code   RO         4586    i.OLED_I2C_SendByte  oled.o
    0x080016f0   0x080016f0   0x00000038   Code   RO         4587    i.OLED_I2C_Start    oled.o
    0x08001728   0x08001728   0x00000030   Code   RO         4588    i.OLED_I2C_Stop     oled.o
    0x08001758   0x08001758   0x000000ac   Code   RO         4589    i.OLED_Init         oled.o
    0x08001804   0x08001804   0x0000000e   Code   RO         4590    i.OLED_Pow          oled.o
    0x08001812   0x08001812   0x00000022   Code   RO         4591    i.OLED_SetCursor    oled.o
    0x08001834   0x08001834   0x00000068   Code   RO         4593    i.OLED_ShowChar     oled.o
    0x0800189c   0x0800189c   0x00000042   Code   RO         4595    i.OLED_ShowNum      oled.o
    0x080018de   0x080018de   0x00000026   Code   RO         4597    i.OLED_ShowString   oled.o
    0x08001904   0x08001904   0x00000022   Code   RO         4598    i.OLED_WriteCommand  oled.o
    0x08001926   0x08001926   0x00000022   Code   RO         4599    i.OLED_WriteData    oled.o
    0x08001948   0x08001948   0x00000030   Code   RO          221    i.StartDefaultTask  freertos.o
    0x08001978   0x08001978   0x0000001a   Code   RO         3936    i.SysTick_Handler   cmsis_os2.o
    0x08001992   0x08001992   0x00000002   PAD
    0x08001994   0x08001994   0x00000094   Code   RO           15    i.SystemClock_Config  main.o
    0x08001a28   0x08001a28   0x00000010   Code   RO         2789    i.SystemInit        system_stm32f4xx.o
    0x08001a38   0x08001a38   0x0000000c   Code   RO          322    i.TIM1_UP_TIM10_IRQHandler  stm32f4xx_it.o
    0x08001a44   0x08001a44   0x000000c8   Code   RO         1910    i.TIM_Base_SetConfig  stm32f4xx_hal_tim.o
    0x08001b0c   0x08001b0c   0x00000008   Code   RO          222    i.UltrasonicRangeTaks  freertos.o
    0x08001b14   0x08001b14   0x00000002   Code   RO          323    i.UsageFault_Handler  stm32f4xx_it.o
    0x08001b16   0x08001b16   0x00000020   Code   RO         1440    i.__NVIC_SetPriority  stm32f4xx_hal_cortex.o
    0x08001b36   0x08001b36   0x00000022   Code   RO           16    i.main              main.o
    0x08001b58   0x08001b58   0x0000001a   Code   RO         3938    i.osDelay           cmsis_os2.o
    0x08001b72   0x08001b72   0x00000002   PAD
    0x08001b74   0x08001b74   0x00000024   Code   RO         3952    i.osKernelInitialize  cmsis_os2.o
    0x08001b98   0x08001b98   0x00000038   Code   RO         3955    i.osKernelStart     cmsis_os2.o
    0x08001bd0   0x08001bd0   0x0000008a   Code   RO         3997    i.osThreadNew       cmsis_os2.o
    0x08001c5a   0x08001c5a   0x00000002   PAD
    0x08001c5c   0x08001c5c   0x0000005c   Code   RO         3397    i.prvAddCurrentTaskToDelayedList  tasks.o
    0x08001cb8   0x08001cb8   0x000000d0   Code   RO         3398    i.prvAddNewTaskToReadyList  tasks.o
    0x08001d88   0x08001d88   0x00000058   Code   RO         3762    i.prvCheckForValidListAndQueue  timers.o
    0x08001de0   0x08001de0   0x00000026   Code   RO         2994    i.prvCopyDataFromQueue  queue.o
    0x08001e06   0x08001e06   0x0000006c   Code   RO         2995    i.prvCopyDataToQueue  queue.o
    0x08001e72   0x08001e72   0x00000034   Code   RO         3399    i.prvDeleteTCB      tasks.o
    0x08001ea6   0x08001ea6   0x00000002   PAD
    0x08001ea8   0x08001ea8   0x0000004c   Code   RO         4449    i.prvHeapInit       heap_4.o
    0x08001ef4   0x08001ef4   0x00000060   Code   RO         3400    i.prvIdleTask       tasks.o
    0x08001f54   0x08001f54   0x00000022   Code   RO         2997    i.prvInitialiseNewQueue  queue.o
    0x08001f76   0x08001f76   0x00000002   PAD
    0x08001f78   0x08001f78   0x000000b0   Code   RO         3401    i.prvInitialiseNewTask  tasks.o
    0x08002028   0x08002028   0x0000004c   Code   RO         4450    i.prvInsertBlockIntoFreeList  heap_4.o
    0x08002074   0x08002074   0x00000038   Code   RO         3764    i.prvInsertTimerInActiveList  timers.o
    0x080020ac   0x080020ac   0x0000001c   Code   RO         2998    i.prvIsQueueEmpty   queue.o
    0x080020c8   0x080020c8   0x000000fc   Code   RO         3765    i.prvProcessReceivedCommands  timers.o
    0x080021c4   0x080021c4   0x000000c0   Code   RO         3766    i.prvProcessTimerOrBlockTask  timers.o
    0x08002284   0x08002284   0x00000020   Code   RO         3403    i.prvResetNextTaskUnblockTime  tasks.o
    0x080022a4   0x080022a4   0x00000028   Code   RO         3767    i.prvSampleTimeNow  timers.o
    0x080022cc   0x080022cc   0x0000006c   Code   RO         3768    i.prvSwitchTimerLists  timers.o
    0x08002338   0x08002338   0x00000028   Code   RO         4505    i.prvTaskExitError  port.o
    0x08002360   0x08002360   0x00000024   Code   RO         3769    i.prvTimerTask      timers.o
    0x08002384   0x08002384   0x0000006a   Code   RO         2999    i.prvUnlockQueue    queue.o
    0x080023ee   0x080023ee   0x00000002   PAD
    0x080023f0   0x080023f0   0x000000dc   Code   RO         4451    i.pvPortMalloc      heap_4.o
    0x080024cc   0x080024cc   0x0000002c   Code   RO         4506    i.pxPortInitialiseStack  port.o
    0x080024f8   0x080024f8   0x00000026   Code   RO         2954    i.uxListRemove      list.o
    0x0800251e   0x0800251e   0x00000002   PAD
    0x08002520   0x08002520   0x00000014   Code   RO         4009    i.vApplicationGetIdleTaskMemory  cmsis_os2.o
    0x08002534   0x08002534   0x00000018   Code   RO         4010    i.vApplicationGetTimerTaskMemory  cmsis_os2.o
    0x0800254c   0x0800254c   0x00000016   Code   RO         2955    i.vListInitialise   list.o
    0x08002562   0x08002562   0x00000006   Code   RO         2956    i.vListInitialiseItem  list.o
    0x08002568   0x08002568   0x00000030   Code   RO         2957    i.vListInsert       list.o
    0x08002598   0x08002598   0x00000018   Code   RO         2958    i.vListInsertEnd    list.o
    0x080025b0   0x080025b0   0x00000040   Code   RO         4508    i.vPortEnterCritical  port.o
    0x080025f0   0x080025f0   0x00000028   Code   RO         4509    i.vPortExitCritical  port.o
    0x08002618   0x08002618   0x00000064   Code   RO         4452    i.vPortFree         heap_4.o
    0x0800267c   0x0800267c   0x00000024   Code   RO         4510    i.vPortSetupTimerInterrupt  port.o
    0x080026a0   0x080026a0   0x00000054   Code   RO         4511    i.vPortValidateInterruptPriority  port.o
    0x080026f4   0x080026f4   0x00000028   Code   RO         3005    i.vQueueAddToRegistry  queue.o
    0x0800271c   0x0800271c   0x00000044   Code   RO         3009    i.vQueueWaitForMessageRestricted  queue.o
    0x08002760   0x08002760   0x0000004c   Code   RO         3416    i.vTaskDelay        tasks.o
    0x080027ac   0x080027ac   0x00000010   Code   RO         3421    i.vTaskInternalSetTimeOutState  tasks.o
    0x080027bc   0x080027bc   0x0000000c   Code   RO         3422    i.vTaskMissedYield  tasks.o
    0x080027c8   0x080027c8   0x00000030   Code   RO         3424    i.vTaskPlaceOnEventList  tasks.o
    0x080027f8   0x080027f8   0x00000038   Code   RO         3425    i.vTaskPlaceOnEventListRestricted  tasks.o
    0x08002830   0x08002830   0x00000088   Code   RO         3433    i.vTaskStartScheduler  tasks.o
    0x080028b8   0x080028b8   0x00000010   Code   RO         3435    i.vTaskSuspendAll   tasks.o
    0x080028c8   0x080028c8   0x00000064   Code   RO         3436    i.vTaskSwitchContext  tasks.o
    0x0800292c   0x0800292c   0x000000f4   Code   RO         4512    i.xPortStartScheduler  port.o
    0x08002a20   0x08002a20   0x0000002c   Code   RO         4513    i.xPortSysTickHandler  port.o
    0x08002a4c   0x08002a4c   0x00000066   Code   RO         3015    i.xQueueGenericCreateStatic  queue.o
    0x08002ab2   0x08002ab2   0x00000002   PAD
    0x08002ab4   0x08002ab4   0x00000088   Code   RO         3016    i.xQueueGenericReset  queue.o
    0x08002b3c   0x08002b3c   0x00000160   Code   RO         3017    i.xQueueGenericSend  queue.o
    0x08002c9c   0x08002c9c   0x000000be   Code   RO         3018    i.xQueueGenericSendFromISR  queue.o
    0x08002d5a   0x08002d5a   0x00000002   PAD
    0x08002d5c   0x08002d5c   0x00000138   Code   RO         3027    i.xQueueReceive     queue.o
    0x08002e94   0x08002e94   0x00000074   Code   RO         3438    i.xTaskCheckForTimeOut  tasks.o
    0x08002f08   0x08002f08   0x0000005a   Code   RO         3439    i.xTaskCreate       tasks.o
    0x08002f62   0x08002f62   0x00000056   Code   RO         3440    i.xTaskCreateStatic  tasks.o
    0x08002fb8   0x08002fb8   0x0000001c   Code   RO         3444    i.xTaskGetSchedulerState  tasks.o
    0x08002fd4   0x08002fd4   0x0000000c   Code   RO         3445    i.xTaskGetTickCount  tasks.o
    0x08002fe0   0x08002fe0   0x000000c8   Code   RO         3447    i.xTaskIncrementTick  tasks.o
    0x080030a8   0x080030a8   0x00000080   Code   RO         3450    i.xTaskPriorityDisinherit  tasks.o
    0x08003128   0x08003128   0x00000070   Code   RO         3452    i.xTaskRemoveFromEventList  tasks.o
    0x08003198   0x08003198   0x000000c4   Code   RO         3453    i.xTaskResumeAll    tasks.o
    0x0800325c   0x0800325c   0x00000060   Code   RO         3778    i.xTimerCreateTimerTask  timers.o
    0x080032bc   0x080032bc   0x00000068   Code   RO         3779    i.xTimerGenericCommand  timers.o
    0x08003324   0x08003324   0x0000000a   Code   RO         4822    x$fpl$fpinit        fz_wm.l(fpinit.o)
    0x0800332e   0x0800332e   0x00000002   PAD
    0x08003330   0x08003330   0x0000006c   Data   RO          223    .constdata          freertos.o
    0x0800339c   0x0800339c   0x00000010   Data   RO         2790    .constdata          system_stm32f4xx.o
    0x080033ac   0x080033ac   0x00000008   Data   RO         2791    .constdata          system_stm32f4xx.o
    0x080033b4   0x080033b4   0x000005f0   Data   RO         4600    .constdata          oled.o
    0x080039a4   0x080039a4   0x00000024   Data   RO          224    .conststring        freertos.o
    0x080039c8   0x080039c8   0x00000020   Data   RO         4880    Region$$Table       anon$$obj.o


    Execution Region RW_IRAM1 (Exec base: 0x20000000, Load base: 0x080039e8, Size: 0x00005040, Max: 0x0001c000, ABSOLUTE)

    Exec Addr    Load Addr    Size         Type   Attr      Idx    E Section Name        Object

    0x20000000   0x080039e8   0x0000000c   Data   RW          225    .data               freertos.o
    0x2000000c   0x080039f4   0x0000000c   Data   RW         1584    .data               stm32f4xx_hal.o
    0x20000018   0x08003a00   0x00000004   Data   RW         2792    .data               system_stm32f4xx.o
    0x2000001c   0x08003a04   0x0000003c   Data   RW         3456    .data               tasks.o
    0x20000058   0x08003a40   0x00000014   Data   RW         3787    .data               timers.o
    0x2000006c   0x08003a54   0x00000004   Data   RW         4012    .data               cmsis_os2.o
    0x20000070   0x08003a58   0x00000020   Data   RW         4458    .data               heap_4.o
    0x20000090   0x08003a78   0x0000000c   Data   RW         4514    .data               port.o
    0x2000009c        -       0x00000028   Zero   RW          277    .bss                can.o
    0x200000c4        -       0x00000048   Zero   RW          413    .bss                stm32f4xx_hal_timebase_tim.o
    0x2000010c        -       0x00000040   Zero   RW         3031    .bss                queue.o
    0x2000014c        -       0x000004c4   Zero   RW         3455    .bss                tasks.o
    0x20000610        -       0x00000118   Zero   RW         3786    .bss                timers.o
    0x20000728        -       0x000006b8   Zero   RW         4011    .bss                cmsis_os2.o
    0x20000de0        -       0x00003c00   Zero   RW         4457    .bss                heap_4.o
    0x200049e0        -       0x00000060   Zero   RW         4752    .bss                c_w.l(libspace.o)
    0x20004a40        -       0x00000200   Zero   RW            2    HEAP                startup_stm32f407xx.o
    0x20004c40        -       0x00000400   Zero   RW            1    STACK               startup_stm32f407xx.o


    Execution Region RW_IRAM2 (Exec base: 0x2001c000, Load base: 0x08003a84, Size: 0x00000000, Max: 0x00004000, ABSOLUTE)

    **** No section assigned to this execution region ****


==============================================================================

Image component sizes


      Code (inc. data)   RO Data    RW Data    ZI Data      Debug   Object Name

       192         22          0          0         40       1697   can.o
       326         22          0          4       1720      65059   cmsis_os2.o
         0          0          0          0          0      19452   event_groups.o
       132         30        144         12          0       2960   freertos.o
       128         10          0          0          0        959   gpio.o
       472         24          0         32      15360       4871   heap_4.o
       138          0          0          0          0       3550   list.o
       206         14          0          0          0     705056   main.o
       762         26       1520          0          0       8749   oled.o
       786         82          0         12          0      11513   port.o
      1514         20          0          0         64      17432   queue.o
        64         26        392          0       1536        844   startup_stm32f407xx.o
        80         14          0         12          0       8090   stm32f4xx_hal.o
       816          0          0          0          0      10127   stm32f4xx_hal_can.o
       158         14          0          0          0      33162   stm32f4xx_hal_cortex.o
       506         46          0          0          0       2192   stm32f4xx_hal_gpio.o
        56          4          0          0          0        870   stm32f4xx_hal_msp.o
      1380         74          0          0          0       5306   stm32f4xx_hal_rcc.o
       786         72          0          0          0       7364   stm32f4xx_hal_tim.o
         4          0          0          0          0       1601   stm32f4xx_hal_tim_ex.o
       140         20          0          0         72       1435   stm32f4xx_hal_timebase_tim.o
        36         12          0          0          0       3750   stm32f4xx_it.o
         0          0          0          0          0        392   stream_buffer.o
        16          4         24          4          0       1127   system_stm32f4xx.o
      2084        168          0         60       1220      26936   tasks.o
       972         80          0         20        280      32151   timers.o

    ----------------------------------------------------------------------
     11782        784       2112        156      20292     976645   Object Totals
         0          0         32          0          0          0   (incl. Generated)
        28          0          0          0          0          0   (incl. Padding)

    ----------------------------------------------------------------------

      Code (inc. data)   RO Data    RW Data    ZI Data      Debug   Library Member Name

         8          0          0          0          0         68   __main.o
         0          0          0          0          0          0   __rtentry.o
        12          0          0          0          0          0   __rtentry2.o
         6          0          0          0          0          0   __rtentry4.o
        52          8          0          0          0          0   __scatter.o
        26          0          0          0          0          0   __scatter_copy.o
        28          0          0          0          0          0   __scatter_zi.o
        16          0          0          0          0         68   aeabi_memset.o
        18          0          0          0          0         80   exit.o
         6          0          0          0          0        152   heapauxi.o
         0          0          0          0          0          0   indicate_semi.o
         2          0          0          0          0          0   libinit.o
         6          0          0          0          0          0   libinit2.o
         2          0          0          0          0          0   libshutdown.o
         2          0          0          0          0          0   libshutdown2.o
         8          4          0          0         96         68   libspace.o
       238          0          0          0          0        100   lludivv7m.o
        68          0          0          0          0         68   rt_memclr.o
        78          0          0          0          0         80   rt_memclr_w.o
       138          0          0          0          0         68   rt_memcpy_v6.o
       100          0          0          0          0         80   rt_memcpy_w.o
         2          0          0          0          0          0   rtexit.o
        10          0          0          0          0          0   rtexit2.o
        12          4          0          0          0         68   sys_exit.o
        74          0          0          0          0         80   sys_stackheap_outer.o
         2          0          0          0          0         68   use_no_semi.o
        10          0          0          0          0        116   fpinit.o

    ----------------------------------------------------------------------
       930         16          0          0         96       1164   Library Totals
         6          0          0          0          0          0   (incl. Padding)

    ----------------------------------------------------------------------

      Code (inc. data)   RO Data    RW Data    ZI Data      Debug   Library Name

       914         16          0          0         96       1048   c_w.l
        10          0          0          0          0        116   fz_wm.l

    ----------------------------------------------------------------------
       930         16          0          0         96       1164   Library Totals

    ----------------------------------------------------------------------

==============================================================================


      Code (inc. data)   RO Data    RW Data    ZI Data      Debug   

     12712        800       2112        156      20388     963641   Grand Totals
     12712        800       2112        156      20388     963641   ELF Image Totals
     12712        800       2112        156          0          0   ROM Totals

==============================================================================

    Total RO  Size (Code + RO Data)                14824 (  14.48kB)
    Total RW  Size (RW Data + ZI Data)             20544 (  20.06kB)
    Total ROM Size (Code + RO Data + RW Data)      14980 (  14.63kB)

==============================================================================

